2026-04-30 15:33:20.373 | INFO     | __main__:main:126 - ============================================================
2026-04-30 15:33:20.374 | INFO     | __main__:main:127 - Phase 1 - Sentinel-2 SMART Seasonal Download
2026-04-30 15:33:20.376 | INFO     | __main__:main:128 - Region:  R1 Strait of Malacca
2026-04-30 15:33:20.377 | INFO     | __main__:main:129 - Tiles:   ['47NMH', '47NNH', '48NTG', '48NUG', '48NUH', '48NVH', '49NCA', '49NCB']
2026-04-30 15:33:20.377 | INFO     | __main__:main:130 - Years:   [2022, 2023, 2024, 2025]
2026-04-30 15:33:20.378 | INFO     | __main__:main:131 - Seasons: ['Winter', 'Spring', 'Summer', 'Autumn']
2026-04-30 15:33:20.378 | INFO     | __main__:main:132 - Target:  ~128 scenes
2026-04-30 15:33:20.379 | INFO     | __main__:main:133 - Output:  C:\Users\Apple\deep_sea_pulse\outputs\sentinel2\R1
2026-04-30 15:33:20.379 | INFO     | __main__:main:134 - ============================================================
2026-04-30 15:33:22.576 | INFO     | __main__:get_token:39 - Token obtained successfully
2026-04-30 15:33:22.580 | INFO     | __main__:main:149 - 
Total slots to search: 128
2026-04-30 15:33:22.581 | INFO     | __main__:main:150 - Starting search and download...

2026-04-30 15:33:22.581 | INFO     | __main__:main:154 - [1/128] 2022 Winter Tile 47NMH
2026-04-30 15:33:24.599 | INFO     | __main__:main:174 -   Found: S2A_MSIL2A_20220114T035121_N0510_R104_T47NMH_20240429T2
2026-04-30 15:33:28.615 | INFO     | __main__:download_scene:102 -   Downloading: S2A_MSIL2A_20220114T035121_N0510_R104_T47NMH_20240429T2 (176 MB)
2026-04-30 15:35:23.915 | SUCCESS  | __main__:download_scene:112 -   Done: S2A_MSIL2A_20220114T035121_N0510_R104_T47NMH_20240429T213515
2026-04-30 15:35:25.917 | INFO     | __main__:main:154 - [2/128] 2022 Winter Tile 47NNH
2026-04-30 15:35:31.089 | INFO     | __main__:main:174 -   Found: S2B_MSIL2A_20220106T034129_N0510_R061_T47NNH_20240424T2
2026-04-30 15:35:38.780 | INFO     | __main__:download_scene:102 -   Downloading: S2B_MSIL2A_20220106T034129_N0510_R061_T47NNH_20240424T2 (839 MB)
2026-04-30 15:46:10.361 | ERROR    | __main__:download_scene:115 -   Failed: ('Connection broken: IncompleteRead(357658103 bytes read, 522538581 more expected)', IncompleteRead(357658103 bytes read, 522538581 more expected))
2026-04-30 15:46:12.426 | INFO     | __main__:main:154 - [3/128] 2022 Winter Tile 48NTG
2026-04-30 15:46:13.655 | WARNING  | __main__:main:168 -   No scene found for 48NTG 2022 Winter
2026-04-30 15:46:13.656 | INFO     | __main__:main:154 - [4/128] 2022 Winter Tile 48NUG
2026-04-30 15:46:15.091 | WARNING  | __main__:main:168 -   No scene found for 48NUG 2022 Winter
2026-04-30 15:46:15.092 | INFO     | __main__:main:154 - [5/128] 2022 Winter Tile 48NUH
2026-04-30 15:46:21.630 | WARNING  | __main__:main:168 -   No scene found for 48NUH 2022 Winter
2026-04-30 15:46:21.631 | INFO     | __main__:main:154 - [6/128] 2022 Winter Tile 48NVH
2026-04-30 15:46:25.021 | INFO     | __main__:main:174 -   Found: S2B_MSIL2A_20220107T031119_N0510_R075_T48NVH_20240425T0
2026-04-30 15:46:27.137 | INFO     | __main__:download_scene:102 -   Downloading: S2B_MSIL2A_20220107T031119_N0510_R075_T48NVH_20240425T0 (370 MB)
2026-04-30 15:47:14.951 | SUCCESS  | __main__:download_scene:112 -   Done: S2B_MSIL2A_20220107T031119_N0510_R075_T48NVH_20240425T032945
2026-04-30 15:47:16.953 | INFO     | __main__:main:154 - [7/128] 2022 Winter Tile 49NCA
2026-04-30 15:47:19.353 | WARNING  | __main__:main:168 -   No scene found for 49NCA 2022 Winter
2026-04-30 15:47:19.354 | INFO     | __main__:main:154 - [8/128] 2022 Winter Tile 49NCB
2026-04-30 15:47:21.630 | WARNING  | __main__:main:168 -   No scene found for 49NCB 2022 Winter
2026-04-30 15:47:21.631 | INFO     | __main__:main:154 - [9/128] 2022 Spring Tile 47NMH
2026-04-30 15:47:38.273 | WARNING  | __main__:search_best_scene:80 - Attempt 1/3 failed: HTTPSConnectionPool(host='catalogue.dataspace.copernicus.eu', port=443): Max retries exceeded with url: /odata/v1/Products?%24filter=Collection%2FName+eq+%27SENTINEL-2%27+and+Attributes%2FOData.CSC.StringAttribute%2Fany%28att%3Aatt%2FName+eq+%27productType%27+and+att%2FOData.CSC.StringAttribute%2FValue+eq+%27S2MSI2A%27%29+and+Attributes%2FOData.CSC.StringAttribute%2Fany%28att%3Aatt%2FName+eq+%27tileId%27+and+att%2FOData.CSC.StringAttribute%2FValue+eq+%2747NMH%27%29+and+Attributes%2FOData.CSC.DoubleAttribute%2Fany%28att%3Aatt%2FName+eq+%27cloudCover%27+and+att%2FOData.CSC.DoubleAttribute%2FValue+le+15%29+and+ContentDate%2FStart+gt+2022-03-16T00%3A00%3A00.000Z+and+ContentDate%2FStart+lt+2022-06-14T23%3A59%3A59.999Z&%24orderby=ContentDate%2FStart+asc&%24top=1 (Caused by SSLError(SSLEOFError(8, '[SSL: UNEXPECTED_EOF_WHILE_READING] EOF occurred in violation of protocol (_ssl.c:1016)')))
2026-04-30 15:48:48.317 | WARNING  | __main__:search_best_scene:80 - Attempt 2/3 failed: HTTPSConnectionPool(host='catalogue.dataspace.copernicus.eu', port=443): Read timed out. (read timeout=60)
2026-04-30 15:48:59.705 | INFO     | __main__:main:174 -   Found: S2B_MSIL2A_20220327T033529_N0510_R061_T47NMH_20240523T2
2026-04-30 15:49:01.661 | INFO     | __main__:download_scene:102 -   Downloading: S2B_MSIL2A_20220327T033529_N0510_R061_T47NMH_20240523T2 (793 MB)
2026-04-30 15:53:04.628 | ERROR    | __main__:download_scene:115 -   Failed: ('Connection broken: IncompleteRead(255918320 bytes read, 575298448 more expected)', IncompleteRead(255918320 bytes read, 575298448 more expected))
2026-04-30 15:53:06.654 | INFO     | __main__:main:154 - [10/128] 2022 Spring Tile 47NNH
2026-04-30 15:53:06.655 | INFO     | __main__:main:160 - Refreshing token...
2026-04-30 15:53:08.065 | INFO     | __main__:get_token:39 - Token obtained successfully
2026-04-30 15:53:09.341 | INFO     | __main__:main:174 -   Found: S2B_MSIL2A_20220327T033529_N0510_R061_T47NNH_20240523T2
2026-04-30 15:53:11.593 | INFO     | __main__:download_scene:102 -   Downloading: S2B_MSIL2A_20220327T033529_N0510_R061_T47NNH_20240523T2 (926 MB)
2026-04-30 15:55:06.560 | SUCCESS  | __main__:download_scene:112 -   Done: S2B_MSIL2A_20220327T033529_N0510_R061_T47NNH_20240523T201331
2026-04-30 15:55:08.562 | INFO     | __main__:main:154 - [11/128] 2022 Spring Tile 48NTG
2026-04-30 15:55:16.364 | WARNING  | __main__:main:168 -   No scene found for 48NTG 2022 Spring
2026-04-30 15:55:16.365 | INFO     | __main__:main:154 - [12/128] 2022 Spring Tile 48NUG
2026-04-30 15:55:18.362 | WARNING  | __main__:main:168 -   No scene found for 48NUG 2022 Spring
2026-04-30 15:55:18.363 | INFO     | __main__:main:154 - [13/128] 2022 Spring Tile 48NUH
2026-04-30 15:55:19.887 | WARNING  | __main__:main:168 -   No scene found for 48NUH 2022 Spring
2026-04-30 15:55:19.889 | INFO     | __main__:main:154 - [14/128] 2022 Spring Tile 48NVH
2026-04-30 15:55:22.683 | INFO     | __main__:main:174 -   Found: S2B_MSIL2A_20220328T030539_N0510_R075_T48NVH_20240527T1
2026-04-30 15:55:24.873 | INFO     | __main__:download_scene:102 -   Downloading: S2B_MSIL2A_20220328T030539_N0510_R075_T48NVH_20240527T1 (329 MB)
2026-04-30 16:06:28.582 | SUCCESS  | __main__:download_scene:112 -   Done: S2B_MSIL2A_20220328T030539_N0510_R075_T48NVH_20240527T135315
2026-04-30 16:06:30.585 | INFO     | __main__:main:154 - [15/128] 2022 Spring Tile 49NCA
2026-04-30 16:06:33.315 | INFO     | __main__:main:174 -   Found: S2B_MSIL2A_20220501T024539_N0510_R132_T49NCA_20240530T2
2026-04-30 16:06:36.447 | INFO     | __main__:download_scene:102 -   Downloading: S2B_MSIL2A_20220501T024539_N0510_R132_T49NCA_20240530T2 (1028 MB)
2026-04-30 16:11:45.188 | ERROR    | __main__:download_scene:115 -   Failed: ('Connection broken: IncompleteRead(389969614 bytes read, 687678473 more expected)', IncompleteRead(389969614 bytes read, 687678473 more expected))
2026-04-30 16:11:47.236 | INFO     | __main__:main:154 - [16/128] 2022 Spring Tile 49NCB
2026-04-30 16:11:49.862 | INFO     | __main__:main:174 -   Found: S2A_MSIL2A_20220426T024551_N0510_R132_T49NCB_20240606T2
2026-04-30 16:11:55.715 | INFO     | __main__:download_scene:102 -   Downloading: S2A_MSIL2A_20220426T024551_N0510_R132_T49NCB_20240606T2 (876 MB)
2026-04-30 16:14:50.237 | ERROR    | __main__:download_scene:115 -   Failed: ('Connection broken: IncompleteRead(87522116 bytes read, 830605703 more expected)', IncompleteRead(87522116 bytes read, 830605703 more expected))
2026-04-30 16:14:52.262 | INFO     | __main__:main:154 - [17/128] 2022 Summer Tile 47NMH
2026-04-30 16:14:53.407 | WARNING  | __main__:main:168 -   No scene found for 47NMH 2022 Summer
2026-04-30 16:14:53.408 | INFO     | __main__:main:154 - [18/128] 2022 Summer Tile 47NNH
2026-04-30 16:14:54.699 | WARNING  | __main__:main:168 -   No scene found for 47NNH 2022 Summer
2026-04-30 16:14:54.700 | INFO     | __main__:main:154 - [19/128] 2022 Summer Tile 48NTG
2026-04-30 16:14:55.913 | INFO     | __main__:main:174 -   Found: S2B_MSIL2A_20220629T031529_N0510_R118_T48NTG_20240627T0
2026-04-30 16:14:57.849 | INFO     | __main__:download_scene:102 -   Downloading: S2B_MSIL2A_20220629T031529_N0510_R118_T48NTG_20240627T0 (887 MB)
2026-04-30 16:18:47.597 | SUCCESS  | __main__:download_scene:112 -   Done: S2B_MSIL2A_20220629T031529_N0510_R118_T48NTG_20240627T081056
2026-04-30 16:18:49.601 | INFO     | __main__:main:154 - [20/128] 2022 Summer Tile 48NUG
2026-04-30 16:18:49.602 | INFO     | __main__:main:160 - Refreshing token...
2026-04-30 16:18:54.973 | INFO     | __main__:get_token:39 - Token obtained successfully
2026-04-30 16:18:58.423 | WARNING  | __main__:main:168 -   No scene found for 48NUG 2022 Summer
2026-04-30 16:18:58.424 | INFO     | __main__:main:154 - [21/128] 2022 Summer Tile 48NUH
2026-04-30 16:19:02.738 | INFO     | __main__:main:174 -   Found: S2A_MSIL2A_20220704T031531_N0510_R118_T48NUH_20240623T2
2026-04-30 16:19:04.996 | INFO     | __main__:download_scene:102 -   Downloading: S2A_MSIL2A_20220704T031531_N0510_R118_T48NUH_20240623T2 (1072 MB)
2026-04-30 16:40:31.340 | ERROR    | __main__:download_scene:115 -   Failed: ('Connection broken: IncompleteRead(1037393289 bytes read, 87145996 more expected)', IncompleteRead(1037393289 bytes read, 87145996 more expected))
2026-04-30 16:40:33.454 | INFO     | __main__:main:154 - [22/128] 2022 Summer Tile 48NVH
2026-04-30 16:40:34.876 | INFO     | __main__:main:174 -   Found: S2B_MSIL2A_20220619T031519_N0510_R118_T48NVH_20240625T1
2026-04-30 16:40:39.969 | INFO     | __main__:download_scene:102 -   Downloading: S2B_MSIL2A_20220619T031519_N0510_R118_T48NVH_20240625T1 (536 MB)
2026-04-30 16:44:38.626 | ERROR    | __main__:download_scene:115 -   Failed: ('Connection broken: IncompleteRead(149425853 bytes read, 412515177 more expected)', IncompleteRead(149425853 bytes read, 412515177 more expected))
2026-04-30 16:44:40.646 | INFO     | __main__:main:154 - [23/128] 2022 Summer Tile 49NCA
2026-04-30 16:44:42.426 | INFO     | __main__:main:174 -   Found: S2A_MSIL2A_20220715T024541_N0510_R132_T49NCA_20240618T0
2026-04-30 16:44:47.119 | INFO     | __main__:download_scene:102 -   Downloading: S2A_MSIL2A_20220715T024541_N0510_R132_T49NCA_20240618T0 (1065 MB)
2026-04-30 16:48:07.368 | ERROR    | __main__:download_scene:115 -   Failed: ('Connection broken: IncompleteRead(114585173 bytes read, 1001959856 more expected)', IncompleteRead(114585173 bytes read, 1001959856 more expected))
2026-04-30 16:48:09.385 | INFO     | __main__:main:154 - [24/128] 2022 Summer Tile 49NCB
2026-04-30 16:48:13.583 | INFO     | __main__:main:174 -   Found: S2A_MSIL2A_20220715T024541_N0510_R132_T49NCB_20240708T0
2026-04-30 16:48:18.718 | INFO     | __main__:download_scene:102 -   Downloading: S2A_MSIL2A_20220715T024541_N0510_R132_T49NCB_20240708T0 (280 MB)
2026-04-30 16:51:29.329 | ERROR    | __main__:download_scene:115 -   Failed: ('Connection broken: IncompleteRead(83263420 bytes read, 209974754 more expected)', IncompleteRead(83263420 bytes read, 209974754 more expected))
2026-04-30 16:51:31.340 | INFO     | __main__:main:154 - [25/128] 2022 Autumn Tile 47NMH
2026-04-30 16:51:34.359 | WARNING  | __main__:main:168 -   No scene found for 47NMH 2022 Autumn
2026-04-30 16:51:34.360 | INFO     | __main__:main:154 - [26/128] 2022 Autumn Tile 47NNH
2026-04-30 16:51:37.273 | WARNING  | __main__:main:168 -   No scene found for 47NNH 2022 Autumn
2026-04-30 16:51:37.273 | INFO     | __main__:main:154 - [27/128] 2022 Autumn Tile 48NTG
2026-04-30 16:51:38.926 | WARNING  | __main__:main:168 -   No scene found for 48NTG 2022 Autumn
2026-04-30 16:51:38.926 | INFO     | __main__:main:154 - [28/128] 2022 Autumn Tile 48NUG
2026-04-30 16:51:40.633 | WARNING  | __main__:main:168 -   No scene found for 48NUG 2022 Autumn
2026-04-30 16:51:40.634 | INFO     | __main__:main:154 - [29/128] 2022 Autumn Tile 48NUH
2026-04-30 16:51:44.334 | WARNING  | __main__:main:168 -   No scene found for 48NUH 2022 Autumn
2026-04-30 16:51:44.335 | INFO     | __main__:main:154 - [30/128] 2022 Autumn Tile 48NVH
2026-04-30 16:51:44.345 | INFO     | __main__:main:160 - Refreshing token...
2026-04-30 16:51:45.936 | INFO     | __main__:get_token:39 - Token obtained successfully
2026-04-30 16:51:48.059 | INFO     | __main__:main:174 -   Found: S2A_MSIL2A_20221128T031051_N0510_R075_T48NVH_20240731T1
2026-04-30 16:51:50.197 | INFO     | __main__:download_scene:102 -   Downloading: S2A_MSIL2A_20221128T031051_N0510_R075_T48NVH_20240731T1 (298 MB)
2026-04-30 16:54:17.559 | SUCCESS  | __main__:download_scene:112 -   Done: S2A_MSIL2A_20221128T031051_N0510_R075_T48NVH_20240731T111430
2026-04-30 16:54:19.563 | INFO     | __main__:main:154 - [31/128] 2022 Autumn Tile 49NCA
2026-04-30 16:54:25.228 | INFO     | __main__:main:174 -   Found: S2B_MSIL2A_20221220T030129_N0510_R032_T49NCA_20240712T1
2026-04-30 16:54:29.443 | INFO     | __main__:download_scene:102 -   Downloading: S2B_MSIL2A_20221220T030129_N0510_R032_T49NCA_20240712T1 (307 MB)
2026-04-30 16:57:43.472 | ERROR    | __main__:download_scene:115 -   Failed: ('Connection broken: IncompleteRead(103129397 bytes read, 218443787 more expected)', IncompleteRead(103129397 bytes read, 218443787 more expected))
2026-04-30 16:57:45.491 | INFO     | __main__:main:154 - [32/128] 2022 Autumn Tile 49NCB
2026-04-30 16:57:47.231 | WARNING  | __main__:main:168 -   No scene found for 49NCB 2022 Autumn
2026-04-30 16:57:47.232 | INFO     | __main__:main:154 - [33/128] 2023 Winter Tile 47NMH
2026-04-30 16:57:50.042 | INFO     | __main__:main:174 -   Found: S2B_MSIL2A_20230220T033759_N0510_R061_T47NMH_20240814T0
2026-04-30 16:57:53.558 | INFO     | __main__:download_scene:102 -   Downloading: S2B_MSIL2A_20230220T033759_N0510_R061_T47NMH_20240814T0 (693 MB)
2026-04-30 17:07:44.837 | ERROR    | __main__:download_scene:115 -   Failed: ('Connection broken: IncompleteRead(329765524 bytes read, 396421351 more expected)', IncompleteRead(329765524 bytes read, 396421351 more expected))
2026-04-30 17:07:46.886 | INFO     | __main__:main:154 - [34/128] 2023 Winter Tile 47NNH
2026-04-30 17:07:49.427 | INFO     | __main__:main:174 -   Found: S2B_MSIL2A_20230210T033859_N0510_R061_T47NNH_20240813T2
2026-04-30 17:07:54.381 | INFO     | __main__:download_scene:102 -   Downloading: S2B_MSIL2A_20230210T033859_N0510_R061_T47NNH_20240813T2 (870 MB)
2026-04-30 17:24:23.060 | ERROR    | __main__:download_scene:115 -   Failed: ('Connection broken: IncompleteRead(481265555 bytes read, 430845756 more expected)', IncompleteRead(481265555 bytes read, 430845756 more expected))
2026-04-30 17:24:25.112 | INFO     | __main__:main:154 - [35/128] 2023 Winter Tile 48NTG
2026-04-30 17:24:28.194 | WARNING  | __main__:main:168 -   No scene found for 48NTG 2023 Winter
2026-04-30 17:24:28.195 | INFO     | __main__:main:154 - [36/128] 2023 Winter Tile 48NUG
2026-04-30 17:24:29.769 | WARNING  | __main__:main:168 -   No scene found for 48NUG 2023 Winter
2026-04-30 17:24:29.769 | INFO     | __main__:main:154 - [37/128] 2023 Winter Tile 48NUH
2026-04-30 17:24:31.213 | WARNING  | __main__:main:168 -   No scene found for 48NUH 2023 Winter
2026-04-30 17:24:31.213 | INFO     | __main__:main:154 - [38/128] 2023 Winter Tile 48NVH
2026-04-30 17:24:32.756 | INFO     | __main__:main:174 -   Found: S2A_MSIL2A_20230110T032121_N0510_R118_T48NVH_20240810T1
2026-04-30 17:24:34.083 | ERROR    | __main__:download_scene:115 -   Failed: 401 Client Error: Unauthorized for url: https://zipper.dataspace.copernicus.eu/odata/v1/Products(10561735-483f-455a-a46a-50028390c8ae)/$value
2026-04-30 17:24:36.084 | INFO     | __main__:main:154 - [39/128] 2023 Winter Tile 49NCA
2026-04-30 17:24:37.793 | WARNING  | __main__:main:168 -   No scene found for 49NCA 2023 Winter
2026-04-30 17:24:37.794 | INFO     | __main__:main:154 - [40/128] 2023 Winter Tile 49NCB
2026-04-30 17:24:37.800 | INFO     | __main__:main:160 - Refreshing token...
2026-04-30 17:24:39.777 | INFO     | __main__:get_token:39 - Token obtained successfully
2026-04-30 17:24:42.958 | WARNING  | __main__:main:168 -   No scene found for 49NCB 2023 Winter
2026-04-30 17:24:42.959 | INFO     | __main__:main:154 - [41/128] 2023 Spring Tile 47NMH
2026-04-30 17:24:46.240 | INFO     | __main__:main:174 -   Found: S2B_MSIL2A_20230411T033539_N0510_R061_T47NMH_20240827T0
2026-04-30 17:25:11.475 | INFO     | __main__:download_scene:102 -   Downloading: S2B_MSIL2A_20230411T033539_N0510_R061_T47NMH_20240827T0 (808 MB)
2026-04-30 17:35:00.539 | ERROR    | __main__:download_scene:115 -   Failed: ('Connection broken: IncompleteRead(292736178 bytes read, 554245180 more expected)', IncompleteRead(292736178 bytes read, 554245180 more expected))
2026-04-30 17:35:02.569 | INFO     | __main__:main:154 - [42/128] 2023 Spring Tile 47NNH
2026-04-30 17:35:04.925 | INFO     | __main__:main:174 -   Found: S2A_MSIL2A_20230317T033531_N0510_R061_T47NNH_20240831T0
2026-04-30 17:35:07.230 | INFO     | __main__:download_scene:102 -   Downloading: S2A_MSIL2A_20230317T033531_N0510_R061_T47NNH_20240831T0 (926 MB)
2026-04-30 17:42:26.856 | SUCCESS  | __main__:download_scene:112 -   Done: S2A_MSIL2A_20230317T033531_N0510_R061_T47NNH_20240831T085407
2026-04-30 17:42:28.862 | INFO     | __main__:main:154 - [43/128] 2023 Spring Tile 48NTG
2026-04-30 17:42:30.344 | WARNING  | __main__:main:168 -   No scene found for 48NTG 2023 Spring
2026-04-30 17:42:30.344 | INFO     | __main__:main:154 - [44/128] 2023 Spring Tile 48NUG
2026-04-30 17:42:31.752 | INFO     | __main__:main:174 -   Found: S2B_MSIL2A_20230316T031519_N0510_R118_T48NUG_20240823T1
2026-04-30 17:42:34.186 | INFO     | __main__:download_scene:102 -   Downloading: S2B_MSIL2A_20230316T031519_N0510_R118_T48NUG_20240823T1 (1064 MB)
2026-04-30 17:54:02.378 | SUCCESS  | __main__:download_scene:112 -   Done: S2B_MSIL2A_20230316T031519_N0510_R118_T48NUG_20240823T125629
2026-04-30 17:54:04.381 | INFO     | __main__:main:154 - [45/128] 2023 Spring Tile 48NUH
2026-04-30 17:54:06.995 | WARNING  | __main__:main:168 -   No scene found for 48NUH 2023 Spring
2026-04-30 17:54:06.996 | INFO     | __main__:main:154 - [46/128] 2023 Spring Tile 48NVH
2026-04-30 17:54:08.604 | INFO     | __main__:main:174 -   Found: S2B_MSIL2A_20230316T031519_N0510_R118_T48NVH_20240823T1
2026-04-30 17:54:11.695 | INFO     | __main__:download_scene:102 -   Downloading: S2B_MSIL2A_20230316T031519_N0510_R118_T48NVH_20240823T1 (796 MB)
2026-04-30 17:59:59.613 | SUCCESS  | __main__:download_scene:112 -   Done: S2B_MSIL2A_20230316T031519_N0510_R118_T48NVH_20240823T125629
2026-04-30 18:00:01.617 | INFO     | __main__:main:154 - [47/128] 2023 Spring Tile 49NCA
2026-04-30 18:00:05.583 | INFO     | __main__:main:174 -   Found: S2A_MSIL2A_20230613T025531_N0510_R032_T49NCA_20240916T1
2026-04-30 18:00:07.801 | ERROR    | __main__:download_scene:115 -   Failed: 401 Client Error: Unauthorized for url: https://zipper.dataspace.copernicus.eu/odata/v1/Products(ae721a35-9304-463e-8156-3cdb6ff445d1)/$value
2026-04-30 18:00:09.804 | INFO     | __main__:main:154 - [48/128] 2023 Spring Tile 49NCB
2026-04-30 18:00:15.672 | INFO     | __main__:main:174 -   Found: S2B_MSIL2A_20230516T024529_N0510_R132_T49NCB_20240905T0
2026-04-30 18:00:19.612 | ERROR    | __main__:download_scene:115 -   Failed: 401 Client Error: Unauthorized for url: https://zipper.dataspace.copernicus.eu/odata/v1/Products(cbb78f17-d32d-47fa-914e-fff14bde4978)/$value
2026-04-30 18:00:21.614 | INFO     | __main__:main:154 - [49/128] 2023 Summer Tile 47NMH
2026-04-30 18:00:24.169 | INFO     | __main__:main:174 -   Found: S2B_MSIL2A_20230620T033539_N0510_R061_T47NMH_20240909T0
2026-04-30 18:00:25.315 | ERROR    | __main__:download_scene:115 -   Failed: 401 Client Error: Unauthorized for url: https://zipper.dataspace.copernicus.eu/odata/v1/Products(de0d69ad-0160-49fe-96c4-5ce088ddc21a)/$value
2026-04-30 18:00:27.317 | INFO     | __main__:main:154 - [50/128] 2023 Summer Tile 47NNH
2026-04-30 18:00:27.317 | INFO     | __main__:main:160 - Refreshing token...
2026-04-30 18:00:29.605 | INFO     | __main__:get_token:39 - Token obtained successfully
2026-04-30 18:00:31.981 | INFO     | __main__:main:174 -   Found: S2B_MSIL2A_20230620T033539_N0510_R061_T47NNH_20240909T0
2026-04-30 18:00:34.209 | INFO     | __main__:download_scene:102 -   Downloading: S2B_MSIL2A_20230620T033539_N0510_R061_T47NNH_20240909T0 (894 MB)
2026-04-30 18:06:55.755 | SUCCESS  | __main__:download_scene:112 -   Done: S2B_MSIL2A_20230620T033539_N0510_R061_T47NNH_20240909T064031
2026-04-30 18:06:57.758 | INFO     | __main__:main:154 - [51/128] 2023 Summer Tile 48NTG
2026-04-30 18:07:00.295 | INFO     | __main__:main:174 -   Found: S2A_MSIL2A_20230619T031521_N0510_R118_T48NTG_20240926T2
2026-04-30 18:07:03.269 | INFO     | __main__:download_scene:102 -   Downloading: S2A_MSIL2A_20230619T031521_N0510_R118_T48NTG_20240926T2 (927 MB)
2026-04-30 18:13:26.514 | ERROR    | __main__:download_scene:115 -   Failed: ('Connection broken: IncompleteRead(147817314 bytes read, 824373795 more expected)', IncompleteRead(147817314 bytes read, 824373795 more expected))
2026-04-30 18:13:28.544 | INFO     | __main__:main:154 - [52/128] 2023 Summer Tile 48NUG
2026-04-30 18:13:30.586 | INFO     | __main__:main:174 -   Found: S2B_MSIL2A_20230724T031529_N0510_R118_T48NUG_20241014T0
2026-04-30 18:13:33.757 | INFO     | __main__:download_scene:102 -   Downloading: S2B_MSIL2A_20230724T031529_N0510_R118_T48NUG_20241014T0 (1018 MB)
2026-04-30 18:19:59.671 | ERROR    | __main__:download_scene:115 -   Failed: ('Connection broken: IncompleteRead(863883478 bytes read, 203685105 more expected)', IncompleteRead(863883478 bytes read, 203685105 more expected))
2026-04-30 18:20:01.760 | INFO     | __main__:main:154 - [53/128] 2023 Summer Tile 48NUH
2026-04-30 18:20:04.012 | WARNING  | __main__:main:168 -   No scene found for 48NUH 2023 Summer
2026-04-30 18:20:04.013 | INFO     | __main__:main:154 - [54/128] 2023 Summer Tile 48NVH
2026-04-30 18:20:06.401 | INFO     | __main__:main:174 -   Found: S2B_MSIL2A_20230621T030529_N0510_R075_T48NVH_20240911T2
2026-04-30 18:20:09.513 | INFO     | __main__:download_scene:102 -   Downloading: S2B_MSIL2A_20230621T030529_N0510_R075_T48NVH_20240911T2 (344 MB)
2026-04-30 18:22:35.116 | SUCCESS  | __main__:download_scene:112 -   Done: S2B_MSIL2A_20230621T030529_N0510_R075_T48NVH_20240911T224111
2026-04-30 18:22:37.122 | INFO     | __main__:main:154 - [55/128] 2023 Summer Tile 49NCA
2026-04-30 18:22:38.840 | INFO     | __main__:main:174 -   Found: S2B_MSIL2A_20230705T024529_N0510_R132_T49NCA_20240912T1
2026-04-30 18:22:40.812 | INFO     | __main__:download_scene:102 -   Downloading: S2B_MSIL2A_20230705T024529_N0510_R132_T49NCA_20240912T1 (1085 MB)
2026-04-30 18:30:22.608 | SUCCESS  | __main__:download_scene:112 -   Done: S2B_MSIL2A_20230705T024529_N0510_R132_T49NCA_20240912T131721
2026-04-30 18:30:24.615 | INFO     | __main__:main:154 - [56/128] 2023 Summer Tile 49NCB
2026-04-30 18:30:28.680 | INFO     | __main__:main:174 -   Found: S2B_MSIL2A_20230628T025529_N0510_R032_T49NCB_20240926T1
2026-04-30 18:30:29.783 | ERROR    | __main__:download_scene:115 -   Failed: 401 Client Error: Unauthorized for url: https://zipper.dataspace.copernicus.eu/odata/v1/Products(d0ab1a3e-5e41-499a-9e80-d5231bf48568)/$value
2026-04-30 18:30:31.785 | INFO     | __main__:main:154 - [57/128] 2023 Autumn Tile 47NMH
2026-04-30 18:30:33.291 | INFO     | __main__:main:174 -   Found: S2A_MSIL2A_20231013T033701_N0510_R061_T47NMH_20241107T0
2026-04-30 18:30:34.418 | ERROR    | __main__:download_scene:115 -   Failed: 401 Client Error: Unauthorized for url: https://zipper.dataspace.copernicus.eu/odata/v1/Products(3b1930f2-2301-4d2a-8e51-81c10a8b675a)/$value
2026-04-30 18:30:36.420 | INFO     | __main__:main:154 - [58/128] 2023 Autumn Tile 47NNH
2026-04-30 18:30:37.638 | WARNING  | __main__:main:168 -   No scene found for 47NNH 2023 Autumn
2026-04-30 18:30:37.639 | INFO     | __main__:main:154 - [59/128] 2023 Autumn Tile 48NTG
2026-04-30 18:30:41.549 | INFO     | __main__:main:174 -   Found: S2A_MSIL2A_20230927T031521_N0510_R118_T48NTG_20241028T0
2026-04-30 18:30:42.939 | ERROR    | __main__:download_scene:115 -   Failed: 401 Client Error: Unauthorized for url: https://zipper.dataspace.copernicus.eu/odata/v1/Products(4faf84a9-2ccd-412d-8033-d36ca3823f3c)/$value
2026-04-30 18:30:44.941 | INFO     | __main__:main:154 - [60/128] 2023 Autumn Tile 48NUG
2026-04-30 18:30:44.941 | INFO     | __main__:main:160 - Refreshing token...
2026-04-30 18:30:46.408 | INFO     | __main__:get_token:39 - Token obtained successfully
2026-04-30 18:30:47.702 | INFO     | __main__:main:174 -   Found: S2A_MSIL2A_20230927T031521_N0510_R118_T48NUG_20241028T0
2026-04-30 18:30:49.640 | INFO     | __main__:download_scene:102 -   Downloading: S2A_MSIL2A_20230927T031521_N0510_R118_T48NUG_20241028T0 (1070 MB)
2026-04-30 18:33:26.957 | ERROR    | __main__:download_scene:115 -   Failed: ('Connection broken: IncompleteRead(107458769 bytes read, 1014638839 more expected)', IncompleteRead(107458769 bytes read, 1014638839 more expected))
2026-04-30 18:33:28.982 | INFO     | __main__:main:154 - [61/128] 2023 Autumn Tile 48NUH
2026-04-30 18:33:33.003 | INFO     | __main__:main:174 -   Found: S2A_MSIL2A_20230927T031521_N0510_R118_T48NUH_20241028T0
2026-04-30 18:33:34.861 | INFO     | __main__:download_scene:102 -   Downloading: S2A_MSIL2A_20230927T031521_N0510_R118_T48NUH_20241028T0 (1118 MB)
2026-04-30 18:41:45.032 | ERROR    | __main__:download_scene:115 -   Failed: ('Connection broken: IncompleteRead(389310473 bytes read, 782974974 more expected)', IncompleteRead(389310473 bytes read, 782974974 more expected))
2026-04-30 18:41:47.091 | INFO     | __main__:main:154 - [62/128] 2023 Autumn Tile 48NVH
2026-04-30 18:41:48.320 | INFO     | __main__:main:174 -   Found: S2A_MSIL2A_20230917T031521_N0510_R118_T48NVH_20241018T1
2026-04-30 18:41:50.260 | INFO     | __main__:download_scene:102 -   Downloading: S2A_MSIL2A_20230917T031521_N0510_R118_T48NVH_20241018T1 (776 MB)
2026-04-30 18:51:30.353 | SUCCESS  | __main__:download_scene:112 -   Done: S2A_MSIL2A_20230917T031521_N0510_R118_T48NVH_20241018T143743
2026-04-30 18:51:32.360 | INFO     | __main__:main:154 - [63/128] 2023 Autumn Tile 49NCA
2026-04-30 18:51:36.975 | WARNING  | __main__:main:168 -   No scene found for 49NCA 2023 Autumn
2026-04-30 18:51:36.976 | INFO     | __main__:main:154 - [64/128] 2023 Autumn Tile 49NCB
2026-04-30 18:51:38.185 | WARNING  | __main__:main:168 -   No scene found for 49NCB 2023 Autumn
2026-04-30 18:51:38.186 | INFO     | __main__:main:154 - [65/128] 2024 Winter Tile 47NMH
2026-04-30 18:51:39.408 | INFO     | __main__:main:174 -   Found: S2B_MSIL2A_20240129T035019_N0510_R104_T47NMH_20240129T0
2026-04-30 18:51:42.500 | INFO     | __main__:download_scene:102 -   Downloading: S2B_MSIL2A_20240129T035019_N0510_R104_T47NMH_20240129T0 (187 MB)
2026-04-30 18:53:30.634 | SUCCESS  | __main__:download_scene:112 -   Done: S2B_MSIL2A_20240129T035019_N0510_R104_T47NMH_20240129T060920
2026-04-30 18:53:32.640 | INFO     | __main__:main:154 - [66/128] 2024 Winter Tile 47NNH
2026-04-30 18:53:33.915 | INFO     | __main__:main:174 -   Found: S2B_MSIL2A_20240215T033839_N0510_R061_T47NNH_20240215T0
2026-04-30 18:53:35.731 | INFO     | __main__:download_scene:102 -   Downloading: S2B_MSIL2A_20240215T033839_N0510_R061_T47NNH_20240215T0 (857 MB)
2026-04-30 18:55:46.195 | SUCCESS  | __main__:download_scene:112 -   Done: S2B_MSIL2A_20240215T033839_N0510_R061_T47NNH_20240215T072740
2026-04-30 18:55:48.199 | INFO     | __main__:main:154 - [67/128] 2024 Winter Tile 48NTG
2026-04-30 18:55:50.370 | WARNING  | __main__:main:168 -   No scene found for 48NTG 2024 Winter
2026-04-30 18:55:50.371 | INFO     | __main__:main:154 - [68/128] 2024 Winter Tile 48NUG
2026-04-30 18:55:53.194 | WARNING  | __main__:main:168 -   No scene found for 48NUG 2024 Winter
2026-04-30 18:55:53.195 | INFO     | __main__:main:154 - [69/128] 2024 Winter Tile 48NUH
2026-04-30 18:55:54.821 | INFO     | __main__:main:174 -   Found: S2A_MSIL2A_20240224T031721_N0510_R118_T48NUH_20240224T0
2026-04-30 18:55:56.598 | INFO     | __main__:download_scene:102 -   Downloading: S2A_MSIL2A_20240224T031721_N0510_R118_T48NUH_20240224T0 (19 MB)
2026-04-30 18:56:08.277 | SUCCESS  | __main__:download_scene:112 -   Done: S2A_MSIL2A_20240224T031721_N0510_R118_T48NUH_20240224T063353
2026-04-30 18:56:10.281 | INFO     | __main__:main:154 - [70/128] 2024 Winter Tile 48NVH
2026-04-30 18:56:10.282 | INFO     | __main__:main:160 - Refreshing token...
2026-04-30 18:56:11.647 | INFO     | __main__:get_token:39 - Token obtained successfully
2026-04-30 18:56:13.889 | INFO     | __main__:main:174 -   Found: S2A_MSIL2A_20240221T030741_N0510_R075_T48NVH_20240221T0
2026-04-30 18:56:16.021 | INFO     | __main__:download_scene:102 -   Downloading: S2A_MSIL2A_20240221T030741_N0510_R075_T48NVH_20240221T0 (363 MB)
2026-04-30 19:00:30.293 | SUCCESS  | __main__:download_scene:112 -   Done: S2A_MSIL2A_20240221T030741_N0510_R075_T48NVH_20240221T061752
2026-04-30 19:00:32.296 | INFO     | __main__:main:154 - [71/128] 2024 Winter Tile 49NCA
2026-04-30 19:00:34.916 | WARNING  | __main__:main:168 -   No scene found for 49NCA 2024 Winter
2026-04-30 19:00:34.917 | INFO     | __main__:main:154 - [72/128] 2024 Winter Tile 49NCB
2026-04-30 19:00:36.423 | WARNING  | __main__:main:168 -   No scene found for 49NCB 2024 Winter
2026-04-30 19:00:36.424 | INFO     | __main__:main:154 - [73/128] 2024 Spring Tile 47NMH
2026-04-30 19:00:38.658 | INFO     | __main__:main:174 -   Found: S2B_MSIL2A_20240319T034529_N0510_R104_T47NMH_20240319T0
2026-04-30 19:00:42.086 | INFO     | __main__:download_scene:102 -   Downloading: S2B_MSIL2A_20240319T034529_N0510_R104_T47NMH_20240319T0 (205 MB)
2026-04-30 19:03:06.751 | SUCCESS  | __main__:download_scene:112 -   Done: S2B_MSIL2A_20240319T034529_N0510_R104_T47NMH_20240319T065306
2026-04-30 19:03:08.757 | INFO     | __main__:main:154 - [74/128] 2024 Spring Tile 47NNH
2026-04-30 19:03:10.909 | INFO     | __main__:main:174 -   Found: S2A_MSIL2A_20240321T033541_N0510_R061_T47NNH_20240321T0
2026-04-30 19:03:12.898 | INFO     | __main__:download_scene:102 -   Downloading: S2A_MSIL2A_20240321T033541_N0510_R061_T47NNH_20240321T0 (937 MB)
2026-04-30 19:09:34.463 | SUCCESS  | __main__:download_scene:112 -   Done: S2A_MSIL2A_20240321T033541_N0510_R061_T47NNH_20240321T075552
2026-04-30 19:09:36.467 | INFO     | __main__:main:154 - [75/128] 2024 Spring Tile 48NTG
2026-04-30 19:09:39.990 | WARNING  | __main__:main:168 -   No scene found for 48NTG 2024 Spring
2026-04-30 19:09:39.991 | INFO     | __main__:main:154 - [76/128] 2024 Spring Tile 48NUG
2026-04-30 19:09:43.516 | WARNING  | __main__:main:168 -   No scene found for 48NUG 2024 Spring
2026-04-30 19:09:43.517 | INFO     | __main__:main:154 - [77/128] 2024 Spring Tile 48NUH
2026-04-30 19:09:45.037 | WARNING  | __main__:main:168 -   No scene found for 48NUH 2024 Spring
2026-04-30 19:09:45.038 | INFO     | __main__:main:154 - [78/128] 2024 Spring Tile 48NVH
2026-04-30 19:09:47.053 | INFO     | __main__:main:174 -   Found: S2B_MSIL2A_20240406T030519_N0510_R075_T48NVH_20240406T0
2026-04-30 19:09:50.764 | INFO     | __main__:download_scene:102 -   Downloading: S2B_MSIL2A_20240406T030519_N0510_R075_T48NVH_20240406T0 (363 MB)
2026-04-30 19:14:53.305 | ERROR    | __main__:download_scene:115 -   Failed: ('Connection broken: IncompleteRead(211724200 bytes read, 168528458 more expected)', IncompleteRead(211724200 bytes read, 168528458 more expected))
2026-04-30 19:14:55.331 | INFO     | __main__:main:154 - [79/128] 2024 Spring Tile 49NCA
2026-04-30 19:14:56.739 | WARNING  | __main__:main:168 -   No scene found for 49NCA 2024 Spring
2026-04-30 19:14:56.739 | INFO     | __main__:main:154 - [80/128] 2024 Spring Tile 49NCB
2026-04-30 19:14:56.755 | INFO     | __main__:main:160 - Refreshing token...
2026-04-30 19:14:58.539 | INFO     | __main__:get_token:39 - Token obtained successfully
2026-04-30 19:15:01.247 | INFO     | __main__:main:174 -   Found: S2B_MSIL2A_20240430T024529_N0510_R132_T49NCB_20240430T0
2026-04-30 19:15:03.430 | INFO     | __main__:download_scene:102 -   Downloading: S2B_MSIL2A_20240430T024529_N0510_R132_T49NCB_20240430T0 (865 MB)
2026-04-30 19:21:51.650 | ERROR    | __main__:download_scene:115 -   Failed: ('Connection broken: IncompleteRead(839262267 bytes read, 67541955 more expected)', IncompleteRead(839262267 bytes read, 67541955 more expected))
2026-04-30 19:21:53.740 | INFO     | __main__:main:154 - [81/128] 2024 Summer Tile 47NMH
2026-04-30 19:21:56.019 | INFO     | __main__:main:174 -   Found: S2B_MSIL2A_20240813T033539_N0511_R061_T47NMH_20240813T0
2026-04-30 19:21:58.748 | INFO     | __main__:download_scene:102 -   Downloading: S2B_MSIL2A_20240813T033539_N0511_R061_T47NMH_20240813T0 (686 MB)
2026-04-30 19:26:58.886 | SUCCESS  | __main__:download_scene:112 -   Done: S2B_MSIL2A_20240813T033539_N0511_R061_T47NMH_20240813T080931
2026-04-30 19:27:00.890 | INFO     | __main__:main:154 - [82/128] 2024 Summer Tile 47NNH
2026-04-30 19:27:03.464 | WARNING  | __main__:main:168 -   No scene found for 47NNH 2024 Summer
2026-04-30 19:27:03.466 | INFO     | __main__:main:154 - [83/128] 2024 Summer Tile 48NTG
2026-04-30 19:27:05.168 | WARNING  | __main__:main:168 -   No scene found for 48NTG 2024 Summer
2026-04-30 19:27:05.169 | INFO     | __main__:main:154 - [84/128] 2024 Summer Tile 48NUG
2026-04-30 19:27:07.034 | INFO     | __main__:main:174 -   Found: S2B_MSIL2A_20240728T031519_N0511_R118_T48NUG_20240728T0
2026-04-30 19:27:09.034 | INFO     | __main__:download_scene:102 -   Downloading: S2B_MSIL2A_20240728T031519_N0511_R118_T48NUG_20240728T0 (1031 MB)
2026-04-30 19:36:04.984 | SUCCESS  | __main__:download_scene:112 -   Done: S2B_MSIL2A_20240728T031519_N0511_R118_T48NUG_20240728T071428
2026-04-30 19:36:06.988 | INFO     | __main__:main:154 - [85/128] 2024 Summer Tile 48NUH
2026-04-30 19:36:08.189 | WARNING  | __main__:main:168 -   No scene found for 48NUH 2024 Summer
2026-04-30 19:36:08.189 | INFO     | __main__:main:154 - [86/128] 2024 Summer Tile 48NVH
2026-04-30 19:36:11.830 | INFO     | __main__:main:174 -   Found: S2B_MSIL2A_20240625T030529_N0510_R075_T48NVH_20240625T0
2026-04-30 19:36:14.478 | INFO     | __main__:download_scene:102 -   Downloading: S2B_MSIL2A_20240625T030529_N0510_R075_T48NVH_20240625T0 (365 MB)
2026-04-30 19:44:07.143 | SUCCESS  | __main__:download_scene:112 -   Done: S2B_MSIL2A_20240625T030529_N0510_R075_T48NVH_20240625T061705
2026-04-30 19:44:09.149 | INFO     | __main__:main:154 - [87/128] 2024 Summer Tile 49NCA
2026-04-30 19:44:10.605 | INFO     | __main__:main:174 -   Found: S2A_MSIL2A_20240823T024521_N0511_R132_T49NCA_20240823T0
2026-04-30 19:44:12.656 | INFO     | __main__:download_scene:102 -   Downloading: S2A_MSIL2A_20240823T024521_N0511_R132_T49NCA_20240823T0 (1015 MB)
2026-04-30 19:46:36.608 | SUCCESS  | __main__:download_scene:112 -   Done: S2A_MSIL2A_20240823T024521_N0511_R132_T49NCA_20240823T090749
2026-04-30 19:46:38.611 | INFO     | __main__:main:154 - [88/128] 2024 Summer Tile 49NCB
2026-04-30 19:46:39.829 | INFO     | __main__:main:174 -   Found: S2A_MSIL2A_20240724T024551_N0511_R132_T49NCB_20240724T0
2026-04-30 19:46:40.898 | ERROR    | __main__:download_scene:115 -   Failed: 401 Client Error: Unauthorized for url: https://zipper.dataspace.copernicus.eu/odata/v1/Products(9e8a163f-2ba9-456a-9079-a3badf2fa1fb)/$value
2026-04-30 19:46:42.901 | INFO     | __main__:main:154 - [89/128] 2024 Autumn Tile 47NMH
2026-04-30 19:46:44.178 | INFO     | __main__:main:174 -   Found: S2A_MSIL2A_20240930T034541_N0511_R104_T47NMH_20240930T0
2026-04-30 19:46:45.317 | ERROR    | __main__:download_scene:115 -   Failed: 401 Client Error: Unauthorized for url: https://zipper.dataspace.copernicus.eu/odata/v1/Products(d2a4531a-0e7e-4c45-a8f2-bee41e4e2100)/$value
2026-04-30 19:46:47.318 | INFO     | __main__:main:154 - [90/128] 2024 Autumn Tile 47NNH
2026-04-30 19:46:47.318 | INFO     | __main__:main:160 - Refreshing token...
2026-04-30 19:46:48.796 | INFO     | __main__:get_token:39 - Token obtained successfully
2026-04-30 19:46:53.314 | INFO     | __main__:main:174 -   Found: S2A_MSIL2A_20241116T034021_N0511_R061_T47NNH_20241116T0
2026-04-30 19:46:56.921 | INFO     | __main__:download_scene:102 -   Downloading: S2A_MSIL2A_20241116T034021_N0511_R061_T47NNH_20241116T0 (833 MB)
2026-04-30 19:56:47.491 | SUCCESS  | __main__:download_scene:112 -   Done: S2A_MSIL2A_20241116T034021_N0511_R061_T47NNH_20241116T065454
2026-04-30 19:56:49.501 | INFO     | __main__:main:154 - [91/128] 2024 Autumn Tile 48NTG
2026-04-30 19:56:51.445 | INFO     | __main__:main:174 -   Found: S2A_MSIL2A_20241021T031751_N0511_R118_T48NTG_20241021T0
2026-04-30 19:56:53.235 | INFO     | __main__:download_scene:102 -   Downloading: S2A_MSIL2A_20241021T031751_N0511_R118_T48NTG_20241021T0 (726 MB)
2026-04-30 20:02:38.795 | SUCCESS  | __main__:download_scene:112 -   Done: S2A_MSIL2A_20241021T031751_N0511_R118_T48NTG_20241021T063557
2026-04-30 20:02:40.798 | INFO     | __main__:main:154 - [92/128] 2024 Autumn Tile 48NUG
2026-04-30 20:02:42.051 | WARNING  | __main__:main:168 -   No scene found for 48NUG 2024 Autumn
2026-04-30 20:02:42.052 | INFO     | __main__:main:154 - [93/128] 2024 Autumn Tile 48NUH
2026-04-30 20:02:43.288 | WARNING  | __main__:main:168 -   No scene found for 48NUH 2024 Autumn
2026-04-30 20:02:43.289 | INFO     | __main__:main:154 - [94/128] 2024 Autumn Tile 48NVH
2026-04-30 20:02:44.483 | WARNING  | __main__:main:168 -   No scene found for 48NVH 2024 Autumn
2026-04-30 20:02:44.484 | INFO     | __main__:main:154 - [95/128] 2024 Autumn Tile 49NCA
2026-04-30 20:02:45.857 | INFO     | __main__:main:174 -   Found: S2B_MSIL2A_20240920T025519_N0511_R032_T49NCA_20240920T0
2026-04-30 20:02:48.262 | INFO     | __main__:download_scene:102 -   Downloading: S2B_MSIL2A_20240920T025519_N0511_R032_T49NCA_20240920T0 (107 MB)
2026-04-30 20:03:02.931 | SUCCESS  | __main__:download_scene:112 -   Done: S2B_MSIL2A_20240920T025519_N0511_R032_T49NCA_20240920T061004
2026-04-30 20:03:04.935 | INFO     | __main__:main:154 - [96/128] 2024 Autumn Tile 49NCB
2026-04-30 20:03:07.373 | INFO     | __main__:main:174 -   Found: S2B_MSIL2A_20241027T024719_N0511_R132_T49NCB_20241027T0
2026-04-30 20:03:09.296 | INFO     | __main__:download_scene:102 -   Downloading: S2B_MSIL2A_20241027T024719_N0511_R132_T49NCB_20241027T0 (887 MB)
2026-04-30 20:05:10.622 | SUCCESS  | __main__:download_scene:112 -   Done: S2B_MSIL2A_20241027T024719_N0511_R132_T49NCB_20241027T045913
2026-04-30 20:05:12.626 | INFO     | __main__:main:154 - [97/128] 2025 Winter Tile 47NMH
2026-04-30 20:05:13.824 | INFO     | __main__:main:174 -   Found: S2A_MSIL2A_20250105T034131_N0511_R061_T47NMH_20250105T0
2026-04-30 20:05:15.753 | INFO     | __main__:download_scene:102 -   Downloading: S2A_MSIL2A_20250105T034131_N0511_R061_T47NMH_20250105T0 (721 MB)
2026-04-30 20:06:43.765 | SUCCESS  | __main__:download_scene:112 -   Done: S2A_MSIL2A_20250105T034131_N0511_R061_T47NMH_20250105T065151
2026-04-30 20:06:45.768 | INFO     | __main__:main:154 - [98/128] 2025 Winter Tile 47NNH
2026-04-30 20:06:48.897 | INFO     | __main__:main:174 -   Found: S2A_MSIL2A_20250105T034131_N0511_R061_T47NNH_20250105T0
2026-04-30 20:06:51.510 | INFO     | __main__:download_scene:102 -   Downloading: S2A_MSIL2A_20250105T034131_N0511_R061_T47NNH_20250105T0 (819 MB)
2026-04-30 20:16:20.933 | ERROR    | __main__:download_scene:115 -   Failed: ('Connection broken: IncompleteRead(401750056 bytes read, 457078917 more expected)', IncompleteRead(401750056 bytes read, 457078917 more expected))
2026-04-30 20:16:22.982 | INFO     | __main__:main:154 - [99/128] 2025 Winter Tile 48NTG
2026-04-30 20:16:24.724 | WARNING  | __main__:main:168 -   No scene found for 48NTG 2025 Winter
2026-04-30 20:16:24.725 | INFO     | __main__:main:154 - [100/128] 2025 Winter Tile 48NUG
2026-04-30 20:16:24.725 | INFO     | __main__:main:160 - Refreshing token...
2026-04-30 20:16:26.128 | INFO     | __main__:get_token:39 - Token obtained successfully
2026-04-30 20:16:28.934 | WARNING  | __main__:main:168 -   No scene found for 48NUG 2025 Winter
2026-04-30 20:16:28.935 | INFO     | __main__:main:154 - [101/128] 2025 Winter Tile 48NUH
2026-04-30 20:16:31.203 | WARNING  | __main__:main:168 -   No scene found for 48NUH 2025 Winter
2026-04-30 20:16:31.203 | INFO     | __main__:main:154 - [102/128] 2025 Winter Tile 48NVH
2026-04-30 20:16:33.941 | WARNING  | __main__:main:168 -   No scene found for 48NVH 2025 Winter
2026-04-30 20:16:33.941 | INFO     | __main__:main:154 - [103/128] 2025 Winter Tile 49NCA
2026-04-30 20:16:36.128 | WARNING  | __main__:main:168 -   No scene found for 49NCA 2025 Winter
2026-04-30 20:16:36.128 | INFO     | __main__:main:154 - [104/128] 2025 Winter Tile 49NCB
2026-04-30 20:16:37.445 | WARNING  | __main__:main:168 -   No scene found for 49NCB 2025 Winter
2026-04-30 20:16:37.445 | INFO     | __main__:main:154 - [105/128] 2025 Spring Tile 47NMH
2026-04-30 20:16:40.892 | INFO     | __main__:main:174 -   Found: S2A_MSIL2A_20250318T034201_N0511_R061_T47NMH_20250318T1
2026-04-30 20:16:43.948 | INFO     | __main__:download_scene:102 -   Downloading: S2A_MSIL2A_20250318T034201_N0511_R061_T47NMH_20250318T1 (810 MB)
2026-04-30 20:28:28.845 | ERROR    | __main__:download_scene:115 -   Failed: ('Connection broken: IncompleteRead(299612108 bytes read, 549644139 more expected)', IncompleteRead(299612108 bytes read, 549644139 more expected))
2026-04-30 20:28:30.880 | INFO     | __main__:main:154 - [106/128] 2025 Spring Tile 47NNH
2026-04-30 20:28:34.021 | INFO     | __main__:main:174 -   Found: S2C_MSIL2A_20250316T033601_N0511_R061_T47NNH_20250316T0
2026-04-30 20:28:35.844 | INFO     | __main__:download_scene:102 -   Downloading: S2C_MSIL2A_20250316T033601_N0511_R061_T47NNH_20250316T0 (886 MB)
2026-04-30 20:30:33.284 | SUCCESS  | __main__:download_scene:112 -   Done: S2C_MSIL2A_20250316T033601_N0511_R061_T47NNH_20250316T090315
2026-04-30 20:30:35.288 | INFO     | __main__:main:154 - [107/128] 2025 Spring Tile 48NTG
2026-04-30 20:30:36.910 | WARNING  | __main__:main:168 -   No scene found for 48NTG 2025 Spring
2026-04-30 20:30:36.911 | INFO     | __main__:main:154 - [108/128] 2025 Spring Tile 48NUG
2026-04-30 20:30:38.531 | WARNING  | __main__:main:168 -   No scene found for 48NUG 2025 Spring
2026-04-30 20:30:38.532 | INFO     | __main__:main:154 - [109/128] 2025 Spring Tile 48NUH
2026-04-30 20:30:39.821 | WARNING  | __main__:main:168 -   No scene found for 48NUH 2025 Spring
2026-04-30 20:30:39.821 | INFO     | __main__:main:154 - [110/128] 2025 Spring Tile 48NVH
2026-04-30 20:30:39.825 | INFO     | __main__:main:160 - Refreshing token...
2026-04-30 20:30:41.354 | INFO     | __main__:get_token:39 - Token obtained successfully
2026-04-30 20:30:42.944 | INFO     | __main__:main:174 -   Found: S2C_MSIL2A_20250419T031601_N0511_R118_T48NVH_20250419T0
2026-04-30 20:30:44.999 | INFO     | __main__:download_scene:102 -   Downloading: S2C_MSIL2A_20250419T031601_N0511_R118_T48NVH_20250419T0 (700 MB)
2026-04-30 20:49:01.388 | SUCCESS  | __main__:download_scene:112 -   Done: S2C_MSIL2A_20250419T031601_N0511_R118_T48NVH_20250419T074210
2026-04-30 20:49:03.394 | INFO     | __main__:main:154 - [111/128] 2025 Spring Tile 49NCA
2026-04-30 20:49:05.939 | INFO     | __main__:main:174 -   Found: S2A_MSIL2A_20250415T030151_N0511_R032_T49NCA_20250415T0
2026-04-30 20:49:10.285 | INFO     | __main__:download_scene:102 -   Downloading: S2A_MSIL2A_20250415T030151_N0511_R032_T49NCA_20250415T0 (189 MB)
2026-04-30 20:55:45.226 | ERROR    | __main__:download_scene:115 -   Failed: ('Connection broken: IncompleteRead(120228899 bytes read, 77613997 more expected)', IncompleteRead(120228899 bytes read, 77613997 more expected))
2026-04-30 20:55:47.243 | INFO     | __main__:main:154 - [112/128] 2025 Spring Tile 49NCB
2026-04-30 20:55:49.759 | INFO     | __main__:main:174 -   Found: S2A_MSIL2A_20250525T030151_N0511_R032_T49NCB_20250525T0
2026-04-30 20:55:52.368 | INFO     | __main__:download_scene:102 -   Downloading: S2A_MSIL2A_20250525T030151_N0511_R032_T49NCB_20250525T0 (521 MB)
2026-04-30 21:02:45.992 | SUCCESS  | __main__:download_scene:112 -   Done: S2A_MSIL2A_20250525T030151_N0511_R032_T49NCB_20250525T082414
2026-04-30 21:02:47.995 | INFO     | __main__:main:154 - [113/128] 2025 Summer Tile 47NMH
2026-04-30 21:02:50.255 | INFO     | __main__:main:174 -   Found: S2C_MSIL2A_20250717T034601_N0511_R104_T47NMH_20250717T0
2026-04-30 21:02:52.383 | ERROR    | __main__:download_scene:115 -   Failed: 401 Client Error: Unauthorized for url: https://zipper.dataspace.copernicus.eu/odata/v1/Products(f67eebee-4d46-4bea-a55d-b9128dc4e201)/$value
2026-04-30 21:02:54.384 | INFO     | __main__:main:154 - [114/128] 2025 Summer Tile 47NNH
2026-04-30 21:02:55.871 | WARNING  | __main__:main:168 -   No scene found for 47NNH 2025 Summer
2026-04-30 21:02:55.871 | INFO     | __main__:main:154 - [115/128] 2025 Summer Tile 48NTG
2026-04-30 21:02:59.964 | INFO     | __main__:main:174 -   Found: S2C_MSIL2A_20250718T031601_N0511_R118_T48NTG_20250718T0
2026-04-30 21:03:01.015 | ERROR    | __main__:download_scene:115 -   Failed: 401 Client Error: Unauthorized for url: https://zipper.dataspace.copernicus.eu/odata/v1/Products(9470f589-440a-4485-a9a9-6d7cf6e8be54)/$value
2026-04-30 21:03:03.017 | INFO     | __main__:main:154 - [116/128] 2025 Summer Tile 48NUG
2026-04-30 21:03:05.530 | INFO     | __main__:main:174 -   Found: S2B_MSIL2A_20250822T031519_N0511_R118_T48NUG_20250822T0
2026-04-30 21:03:08.009 | ERROR    | __main__:download_scene:115 -   Failed: 401 Client Error: Unauthorized for url: https://zipper.dataspace.copernicus.eu/odata/v1/Products(8ce548c1-3407-45bc-8b79-5ceecdd00e9d)/$value
2026-04-30 21:03:10.012 | INFO     | __main__:main:154 - [117/128] 2025 Summer Tile 48NUH
2026-04-30 21:03:12.534 | INFO     | __main__:main:174 -   Found: S2C_MSIL2A_20250718T031601_N0511_R118_T48NUH_20250718T0
2026-04-30 21:03:13.634 | ERROR    | __main__:download_scene:115 -   Failed: 401 Client Error: Unauthorized for url: https://zipper.dataspace.copernicus.eu/odata/v1/Products(d4b74678-29d6-42e3-b275-b01badfe8b0d)/$value
2026-04-30 21:03:15.636 | INFO     | __main__:main:154 - [118/128] 2025 Summer Tile 48NVH
2026-04-30 21:03:17.448 | INFO     | __main__:main:174 -   Found: S2A_MSIL2A_20250627T031151_N0511_R075_T48NVH_20250627T0
2026-04-30 21:03:18.749 | ERROR    | __main__:download_scene:115 -   Failed: 401 Client Error: Unauthorized for url: https://zipper.dataspace.copernicus.eu/odata/v1/Products(1891bc70-2093-4a03-91da-08fd8e2ea94b)/$value
2026-04-30 21:03:20.750 | INFO     | __main__:main:154 - [119/128] 2025 Summer Tile 49NCA
2026-04-30 21:03:22.224 | INFO     | __main__:main:174 -   Found: S2C_MSIL2A_20250702T025611_N0511_R032_T49NCA_20250702T0
2026-04-30 21:03:23.507 | ERROR    | __main__:download_scene:115 -   Failed: 401 Client Error: Unauthorized for url: https://zipper.dataspace.copernicus.eu/odata/v1/Products(d531bc21-ca5c-4e2d-bf1d-f3663dd63dae)/$value
2026-04-30 21:03:25.509 | INFO     | __main__:main:154 - [120/128] 2025 Summer Tile 49NCB
2026-04-30 21:03:25.509 | INFO     | __main__:main:160 - Refreshing token...
2026-04-30 21:03:27.316 | INFO     | __main__:get_token:39 - Token obtained successfully
2026-04-30 21:03:32.774 | INFO     | __main__:main:174 -   Found: S2C_MSIL2A_20250702T025611_N0511_R032_T49NCB_20250702T0
2026-04-30 21:03:35.061 | INFO     | __main__:download_scene:102 -   Downloading: S2C_MSIL2A_20250702T025611_N0511_R032_T49NCB_20250702T0 (537 MB)
2026-04-30 21:08:00.981 | SUCCESS  | __main__:download_scene:112 -   Done: S2C_MSIL2A_20250702T025611_N0511_R032_T49NCB_20250702T075315
2026-04-30 21:08:02.984 | INFO     | __main__:main:154 - [121/128] 2025 Autumn Tile 47NMH
2026-04-30 21:08:05.264 | INFO     | __main__:main:174 -   Found: S2C_MSIL2A_20251015T034741_N0511_R104_T47NMH_20251015T0
2026-04-30 21:08:07.092 | INFO     | __main__:download_scene:102 -   Downloading: S2C_MSIL2A_20251015T034741_N0511_R104_T47NMH_20251015T0 (188 MB)
2026-04-30 21:14:48.947 | SUCCESS  | __main__:download_scene:112 -   Done: S2C_MSIL2A_20251015T034741_N0511_R104_T47NMH_20251015T091114
2026-04-30 21:14:50.950 | INFO     | __main__:main:154 - [122/128] 2025 Autumn Tile 47NNH
2026-04-30 21:14:52.155 | INFO     | __main__:main:174 -   Found: S2C_MSIL2A_20251002T033611_N0511_R061_T47NNH_20251002T0
2026-04-30 21:14:54.576 | INFO     | __main__:download_scene:102 -   Downloading: S2C_MSIL2A_20251002T033611_N0511_R061_T47NNH_20251002T0 (903 MB)
2026-04-30 21:17:26.143 | SUCCESS  | __main__:download_scene:112 -   Done: S2C_MSIL2A_20251002T033611_N0511_R061_T47NNH_20251002T091721
2026-04-30 21:17:28.147 | INFO     | __main__:main:154 - [123/128] 2025 Autumn Tile 48NTG
2026-04-30 21:17:30.063 | WARNING  | __main__:main:168 -   No scene found for 48NTG 2025 Autumn
2026-04-30 21:17:30.064 | INFO     | __main__:main:154 - [124/128] 2025 Autumn Tile 48NUG
2026-04-30 21:17:31.669 | INFO     | __main__:main:174 -   Found: S2C_MSIL2A_20251205T032131_N0511_R118_T48NUG_20251205T0
2026-04-30 21:17:34.106 | INFO     | __main__:download_scene:102 -   Downloading: S2C_MSIL2A_20251205T032131_N0511_R118_T48NUG_20251205T0 (1006 MB)
2026-04-30 21:35:10.452 | SUCCESS  | __main__:download_scene:112 -   Done: S2C_MSIL2A_20251205T032131_N0511_R118_T48NUG_20251205T065815
2026-04-30 21:35:12.461 | INFO     | __main__:main:154 - [125/128] 2025 Autumn Tile 48NUH
2026-04-30 21:35:13.938 | WARNING  | __main__:main:168 -   No scene found for 48NUH 2025 Autumn
2026-04-30 21:35:13.938 | INFO     | __main__:main:154 - [126/128] 2025 Autumn Tile 48NVH
2026-04-30 21:35:16.885 | INFO     | __main__:main:174 -   Found: S2B_MSIL2A_20251031T031759_N0511_R118_T48NVH_20251031T0
2026-04-30 21:35:18.235 | ERROR    | __main__:download_scene:115 -   Failed: 401 Client Error: Unauthorized for url: https://zipper.dataspace.copernicus.eu/odata/v1/Products(72b93f05-ad4d-4bbe-8637-5cc10e67e2ee)/$value
2026-04-30 21:35:20.238 | INFO     | __main__:main:154 - [127/128] 2025 Autumn Tile 49NCA
2026-04-30 21:35:24.886 | WARNING  | __main__:main:168 -   No scene found for 49NCA 2025 Autumn
2026-04-30 21:35:24.887 | INFO     | __main__:main:154 - [128/128] 2025 Autumn Tile 49NCB
2026-04-30 21:35:29.595 | INFO     | __main__:main:174 -   Found: S2B_MSIL2A_20250925T025529_N0511_R032_T49NCB_20250925T0
2026-04-30 21:35:31.701 | ERROR    | __main__:download_scene:115 -   Failed: 401 Client Error: Unauthorized for url: https://zipper.dataspace.copernicus.eu/odata/v1/Products(574ec572-dc5e-4a6e-9c3c-565910a47400)/$value
2026-04-30 21:35:33.720 | INFO     | __main__:main:184 - 
============================================================
2026-04-30 21:35:33.722 | INFO     | __main__:main:185 - COMPLETE:
2026-04-30 21:35:33.723 | INFO     | __main__:main:186 -   Downloaded:  35
2026-04-30 21:35:33.724 | INFO     | __main__:main:187 -   Failed:      38
2026-04-30 21:35:33.725 | INFO     | __main__:main:188 -   Not found:   55
2026-04-30 21:35:33.725 | INFO     | __main__:main:189 -   Log saved:   C:\Users\Apple\deep_sea_pulse\outputs\sentinel2\R1\downloaded_scenes.json
2026-04-30 21:35:33.726 | INFO     | __main__:main:190 - ============================================================
2026-05-01 03:52:33.927 | INFO     | __main__:main:126 - ============================================================
2026-05-01 03:52:33.930 | INFO     | __main__:main:127 - Phase 1 - Sentinel-2 SMART Seasonal Download
2026-05-01 03:52:33.930 | INFO     | __main__:main:128 - Region:  R1 Strait of Malacca
2026-05-01 03:52:33.930 | INFO     | __main__:main:129 - Tiles:   ['47NMH', '47NNH', '48NTG', '48NUG', '48NUH', '48NVH', '49NCA', '49NCB']
2026-05-01 03:52:33.931 | INFO     | __main__:main:130 - Years:   [2022, 2023, 2024, 2025]
2026-05-01 03:52:33.932 | INFO     | __main__:main:131 - Seasons: ['Winter', 'Spring', 'Summer', 'Autumn']
2026-05-01 03:52:33.935 | INFO     | __main__:main:132 - Target:  ~128 scenes
2026-05-01 03:52:33.936 | INFO     | __main__:main:133 - Output:  C:\Users\Apple\deep_sea_pulse\outputs\sentinel2\R1
2026-05-01 03:52:33.936 | INFO     | __main__:main:134 - ============================================================
2026-05-01 03:52:35.872 | INFO     | __main__:get_token:39 - Token obtained successfully
2026-05-01 03:52:35.874 | INFO     | __main__:main:149 - 
Total slots to search: 128
2026-05-01 03:52:35.875 | INFO     | __main__:main:150 - Starting search and download...

2026-05-01 03:52:35.875 | INFO     | __main__:main:154 - [1/128] 2022 Winter Tile 47NMH
2026-05-01 03:52:38.484 | INFO     | __main__:main:174 -   Found: S2A_MSIL2A_20220114T035121_N0510_R104_T47NMH_20240429T2
2026-05-01 03:52:38.487 | INFO     | __main__:download_scene:88 -   SKIP (exists): S2A_MSIL2A_20220114T035121_N0510_R104_T47NMH_20240429T213515
2026-05-01 03:52:40.490 | INFO     | __main__:main:154 - [2/128] 2022 Winter Tile 47NNH
2026-05-01 03:52:41.965 | INFO     | __main__:main:174 -   Found: S2B_MSIL2A_20220106T034129_N0510_R061_T47NNH_20240424T2
2026-05-01 03:52:45.138 | INFO     | __main__:download_scene:102 -   Downloading: S2B_MSIL2A_20220106T034129_N0510_R061_T47NNH_20240424T2 (839 MB)
2026-05-01 03:55:31.519 | SUCCESS  | __main__:download_scene:112 -   Done: S2B_MSIL2A_20220106T034129_N0510_R061_T47NNH_20240424T212046
2026-05-01 03:55:33.522 | INFO     | __main__:main:154 - [3/128] 2022 Winter Tile 48NTG
2026-05-01 03:55:35.978 | WARNING  | __main__:main:168 -   No scene found for 48NTG 2022 Winter
2026-05-01 03:55:35.979 | INFO     | __main__:main:154 - [4/128] 2022 Winter Tile 48NUG
2026-05-01 03:55:37.181 | WARNING  | __main__:main:168 -   No scene found for 48NUG 2022 Winter
2026-05-01 03:55:37.182 | INFO     | __main__:main:154 - [5/128] 2022 Winter Tile 48NUH
2026-05-01 03:55:39.516 | WARNING  | __main__:main:168 -   No scene found for 48NUH 2022 Winter
2026-05-01 03:55:39.517 | INFO     | __main__:main:154 - [6/128] 2022 Winter Tile 48NVH
2026-05-01 03:55:40.852 | INFO     | __main__:main:174 -   Found: S2B_MSIL2A_20220107T031119_N0510_R075_T48NVH_20240425T0
2026-05-01 03:55:40.854 | INFO     | __main__:download_scene:88 -   SKIP (exists): S2B_MSIL2A_20220107T031119_N0510_R075_T48NVH_20240425T032945
2026-05-01 03:55:42.861 | INFO     | __main__:main:154 - [7/128] 2022 Winter Tile 49NCA
2026-05-01 03:55:44.038 | WARNING  | __main__:main:168 -   No scene found for 49NCA 2022 Winter
2026-05-01 03:55:44.039 | INFO     | __main__:main:154 - [8/128] 2022 Winter Tile 49NCB
2026-05-01 03:55:47.506 | WARNING  | __main__:main:168 -   No scene found for 49NCB 2022 Winter
2026-05-01 03:55:47.507 | INFO     | __main__:main:154 - [9/128] 2022 Spring Tile 47NMH
2026-05-01 03:55:48.779 | INFO     | __main__:main:174 -   Found: S2B_MSIL2A_20220327T033529_N0510_R061_T47NMH_20240523T2
2026-05-01 03:55:50.688 | INFO     | __main__:download_scene:102 -   Downloading: S2B_MSIL2A_20220327T033529_N0510_R061_T47NMH_20240523T2 (793 MB)
2026-05-01 03:58:09.719 | SUCCESS  | __main__:download_scene:112 -   Done: S2B_MSIL2A_20220327T033529_N0510_R061_T47NMH_20240523T201331
2026-05-01 03:58:11.724 | INFO     | __main__:main:154 - [10/128] 2022 Spring Tile 47NNH
2026-05-01 03:58:11.725 | INFO     | __main__:main:160 - Refreshing token...
2026-05-01 03:58:13.096 | INFO     | __main__:get_token:39 - Token obtained successfully
2026-05-01 03:58:14.310 | INFO     | __main__:main:174 -   Found: S2B_MSIL2A_20220327T033529_N0510_R061_T47NNH_20240523T2
2026-05-01 03:58:14.313 | INFO     | __main__:download_scene:88 -   SKIP (exists): S2B_MSIL2A_20220327T033529_N0510_R061_T47NNH_20240523T201331
2026-05-01 03:58:16.315 | INFO     | __main__:main:154 - [11/128] 2022 Spring Tile 48NTG
2026-05-01 03:58:17.652 | WARNING  | __main__:main:168 -   No scene found for 48NTG 2022 Spring
2026-05-01 03:58:17.652 | INFO     | __main__:main:154 - [12/128] 2022 Spring Tile 48NUG
2026-05-01 03:58:18.802 | WARNING  | __main__:main:168 -   No scene found for 48NUG 2022 Spring
2026-05-01 03:58:18.803 | INFO     | __main__:main:154 - [13/128] 2022 Spring Tile 48NUH
2026-05-01 03:58:21.104 | WARNING  | __main__:main:168 -   No scene found for 48NUH 2022 Spring
2026-05-01 03:58:21.105 | INFO     | __main__:main:154 - [14/128] 2022 Spring Tile 48NVH
2026-05-01 03:58:22.568 | INFO     | __main__:main:174 -   Found: S2B_MSIL2A_20220328T030539_N0510_R075_T48NVH_20240527T1
2026-05-01 03:58:22.569 | INFO     | __main__:download_scene:88 -   SKIP (exists): S2B_MSIL2A_20220328T030539_N0510_R075_T48NVH_20240527T135315
2026-05-01 03:58:24.572 | INFO     | __main__:main:154 - [15/128] 2022 Spring Tile 49NCA
2026-05-01 03:58:25.838 | INFO     | __main__:main:174 -   Found: S2B_MSIL2A_20220501T024539_N0510_R132_T49NCA_20240530T2
2026-05-01 03:58:27.727 | INFO     | __main__:download_scene:102 -   Downloading: S2B_MSIL2A_20220501T024539_N0510_R132_T49NCA_20240530T2 (1028 MB)
2026-05-01 04:01:18.617 | SUCCESS  | __main__:download_scene:112 -   Done: S2B_MSIL2A_20220501T024539_N0510_R132_T49NCA_20240530T232307
2026-05-01 04:01:20.619 | INFO     | __main__:main:154 - [16/128] 2022 Spring Tile 49NCB
2026-05-01 04:01:22.757 | INFO     | __main__:main:174 -   Found: S2A_MSIL2A_20220426T024551_N0510_R132_T49NCB_20240606T2
2026-05-01 04:01:24.773 | INFO     | __main__:download_scene:102 -   Downloading: S2A_MSIL2A_20220426T024551_N0510_R132_T49NCB_20240606T2 (876 MB)
2026-05-01 04:04:09.912 | SUCCESS  | __main__:download_scene:112 -   Done: S2A_MSIL2A_20220426T024551_N0510_R132_T49NCB_20240606T200105
2026-05-01 04:04:11.915 | INFO     | __main__:main:154 - [17/128] 2022 Summer Tile 47NMH
2026-05-01 04:04:13.234 | WARNING  | __main__:main:168 -   No scene found for 47NMH 2022 Summer
2026-05-01 04:04:13.235 | INFO     | __main__:main:154 - [18/128] 2022 Summer Tile 47NNH
2026-05-01 04:04:14.542 | WARNING  | __main__:main:168 -   No scene found for 47NNH 2022 Summer
2026-05-01 04:04:14.544 | INFO     | __main__:main:154 - [19/128] 2022 Summer Tile 48NTG
2026-05-01 04:04:15.747 | INFO     | __main__:main:174 -   Found: S2B_MSIL2A_20220629T031529_N0510_R118_T48NTG_20240627T0
2026-05-01 04:04:15.749 | INFO     | __main__:download_scene:88 -   SKIP (exists): S2B_MSIL2A_20220629T031529_N0510_R118_T48NTG_20240627T081056
2026-05-01 04:04:17.751 | INFO     | __main__:main:154 - [20/128] 2022 Summer Tile 48NUG
2026-05-01 04:04:17.752 | INFO     | __main__:main:160 - Refreshing token...
2026-05-01 04:04:19.191 | INFO     | __main__:get_token:39 - Token obtained successfully
2026-05-01 04:04:20.460 | WARNING  | __main__:main:168 -   No scene found for 48NUG 2022 Summer
2026-05-01 04:04:20.461 | INFO     | __main__:main:154 - [21/128] 2022 Summer Tile 48NUH
2026-05-01 04:04:21.770 | INFO     | __main__:main:174 -   Found: S2A_MSIL2A_20220704T031531_N0510_R118_T48NUH_20240623T2
2026-05-01 04:04:23.802 | INFO     | __main__:download_scene:102 -   Downloading: S2A_MSIL2A_20220704T031531_N0510_R118_T48NUH_20240623T2 (1072 MB)
2026-05-01 04:07:31.177 | SUCCESS  | __main__:download_scene:112 -   Done: S2A_MSIL2A_20220704T031531_N0510_R118_T48NUH_20240623T233825
2026-05-01 04:07:33.179 | INFO     | __main__:main:154 - [22/128] 2022 Summer Tile 48NVH
2026-05-01 04:07:35.554 | INFO     | __main__:main:174 -   Found: S2B_MSIL2A_20220619T031519_N0510_R118_T48NVH_20240625T1
2026-05-01 04:07:37.523 | INFO     | __main__:download_scene:102 -   Downloading: S2B_MSIL2A_20220619T031519_N0510_R118_T48NVH_20240625T1 (536 MB)
2026-05-01 04:08:57.988 | SUCCESS  | __main__:download_scene:112 -   Done: S2B_MSIL2A_20220619T031519_N0510_R118_T48NVH_20240625T180202
2026-05-01 04:08:59.992 | INFO     | __main__:main:154 - [23/128] 2022 Summer Tile 49NCA
2026-05-01 04:09:02.392 | INFO     | __main__:main:174 -   Found: S2A_MSIL2A_20220715T024541_N0510_R132_T49NCA_20240618T0
2026-05-01 04:09:05.453 | INFO     | __main__:download_scene:102 -   Downloading: S2A_MSIL2A_20220715T024541_N0510_R132_T49NCA_20240618T0 (1065 MB)
2026-05-01 04:12:13.519 | SUCCESS  | __main__:download_scene:112 -   Done: S2A_MSIL2A_20220715T024541_N0510_R132_T49NCA_20240618T055327
2026-05-01 04:12:15.523 | INFO     | __main__:main:154 - [24/128] 2022 Summer Tile 49NCB
2026-05-01 04:12:17.117 | INFO     | __main__:main:174 -   Found: S2A_MSIL2A_20220715T024541_N0510_R132_T49NCB_20240708T0
2026-05-01 04:12:19.396 | INFO     | __main__:download_scene:102 -   Downloading: S2A_MSIL2A_20220715T024541_N0510_R132_T49NCB_20240708T0 (280 MB)
2026-05-01 04:12:58.839 | SUCCESS  | __main__:download_scene:112 -   Done: S2A_MSIL2A_20220715T024541_N0510_R132_T49NCB_20240708T054354
2026-05-01 04:13:00.842 | INFO     | __main__:main:154 - [25/128] 2022 Autumn Tile 47NMH
2026-05-01 04:13:02.885 | WARNING  | __main__:main:168 -   No scene found for 47NMH 2022 Autumn
2026-05-01 04:13:02.886 | INFO     | __main__:main:154 - [26/128] 2022 Autumn Tile 47NNH
2026-05-01 04:13:04.119 | WARNING  | __main__:main:168 -   No scene found for 47NNH 2022 Autumn
2026-05-01 04:13:04.120 | INFO     | __main__:main:154 - [27/128] 2022 Autumn Tile 48NTG
2026-05-01 04:13:05.357 | WARNING  | __main__:main:168 -   No scene found for 48NTG 2022 Autumn
2026-05-01 04:13:05.358 | INFO     | __main__:main:154 - [28/128] 2022 Autumn Tile 48NUG
2026-05-01 04:13:06.639 | WARNING  | __main__:main:168 -   No scene found for 48NUG 2022 Autumn
2026-05-01 04:13:06.640 | INFO     | __main__:main:154 - [29/128] 2022 Autumn Tile 48NUH
2026-05-01 04:13:07.842 | WARNING  | __main__:main:168 -   No scene found for 48NUH 2022 Autumn
2026-05-01 04:13:07.842 | INFO     | __main__:main:154 - [30/128] 2022 Autumn Tile 48NVH
2026-05-01 04:13:07.850 | INFO     | __main__:main:160 - Refreshing token...
2026-05-01 04:13:09.308 | INFO     | __main__:get_token:39 - Token obtained successfully
2026-05-01 04:13:10.504 | INFO     | __main__:main:174 -   Found: S2A_MSIL2A_20221128T031051_N0510_R075_T48NVH_20240731T1
2026-05-01 04:13:10.505 | INFO     | __main__:download_scene:88 -   SKIP (exists): S2A_MSIL2A_20221128T031051_N0510_R075_T48NVH_20240731T111430
2026-05-01 04:13:12.513 | INFO     | __main__:main:154 - [31/128] 2022 Autumn Tile 49NCA
2026-05-01 04:13:13.714 | INFO     | __main__:main:174 -   Found: S2B_MSIL2A_20221220T030129_N0510_R032_T49NCA_20240712T1
2026-05-01 04:13:15.626 | INFO     | __main__:download_scene:102 -   Downloading: S2B_MSIL2A_20221220T030129_N0510_R032_T49NCA_20240712T1 (307 MB)
2026-05-01 04:13:57.829 | SUCCESS  | __main__:download_scene:112 -   Done: S2B_MSIL2A_20221220T030129_N0510_R032_T49NCA_20240712T145814
2026-05-01 04:13:59.833 | INFO     | __main__:main:154 - [32/128] 2022 Autumn Tile 49NCB
2026-05-01 04:14:01.632 | WARNING  | __main__:main:168 -   No scene found for 49NCB 2022 Autumn
2026-05-01 04:14:01.633 | INFO     | __main__:main:154 - [33/128] 2023 Winter Tile 47NMH
2026-05-01 04:14:02.896 | INFO     | __main__:main:174 -   Found: S2B_MSIL2A_20230220T033759_N0510_R061_T47NMH_20240814T0
2026-05-01 04:14:04.867 | INFO     | __main__:download_scene:102 -   Downloading: S2B_MSIL2A_20230220T033759_N0510_R061_T47NMH_20240814T0 (693 MB)
2026-05-01 04:15:28.983 | SUCCESS  | __main__:download_scene:112 -   Done: S2B_MSIL2A_20230220T033759_N0510_R061_T47NMH_20240814T021506
2026-05-01 04:15:30.986 | INFO     | __main__:main:154 - [34/128] 2023 Winter Tile 47NNH
2026-05-01 04:15:32.576 | INFO     | __main__:main:174 -   Found: S2B_MSIL2A_20230210T033859_N0510_R061_T47NNH_20240813T2
2026-05-01 04:15:34.765 | INFO     | __main__:download_scene:102 -   Downloading: S2B_MSIL2A_20230210T033859_N0510_R061_T47NNH_20240813T2 (870 MB)
2026-05-01 04:53:25.674 | ERROR    | __main__:download_scene:115 -   Failed: ('Connection broken: IncompleteRead(371214063 bytes read, 540897248 more expected)', IncompleteRead(371214063 bytes read, 540897248 more expected))
2026-05-01 04:53:27.697 | INFO     | __main__:main:154 - [35/128] 2023 Winter Tile 48NTG
2026-05-01 04:53:28.821 | WARNING  | __main__:main:168 -   No scene found for 48NTG 2023 Winter
2026-05-01 04:53:28.821 | INFO     | __main__:main:154 - [36/128] 2023 Winter Tile 48NUG
2026-05-01 04:53:30.219 | WARNING  | __main__:main:168 -   No scene found for 48NUG 2023 Winter
2026-05-01 04:53:30.219 | INFO     | __main__:main:154 - [37/128] 2023 Winter Tile 48NUH
2026-05-01 04:53:31.533 | WARNING  | __main__:main:168 -   No scene found for 48NUH 2023 Winter
2026-05-01 04:53:31.534 | INFO     | __main__:main:154 - [38/128] 2023 Winter Tile 48NVH
2026-05-01 04:53:33.923 | INFO     | __main__:main:174 -   Found: S2A_MSIL2A_20230110T032121_N0510_R118_T48NVH_20240810T1
2026-05-01 04:53:34.983 | ERROR    | __main__:download_scene:115 -   Failed: 401 Client Error: Unauthorized for url: https://zipper.dataspace.copernicus.eu/odata/v1/Products(10561735-483f-455a-a46a-50028390c8ae)/$value
2026-05-01 04:53:36.985 | INFO     | __main__:main:154 - [39/128] 2023 Winter Tile 49NCA
2026-05-01 04:53:39.245 | WARNING  | __main__:main:168 -   No scene found for 49NCA 2023 Winter
2026-05-01 04:53:39.245 | INFO     | __main__:main:154 - [40/128] 2023 Winter Tile 49NCB
2026-05-01 04:53:39.246 | INFO     | __main__:main:160 - Refreshing token...
2026-05-01 04:53:40.654 | INFO     | __main__:get_token:39 - Token obtained successfully
2026-05-01 04:53:41.891 | WARNING  | __main__:main:168 -   No scene found for 49NCB 2023 Winter
2026-05-01 04:53:41.892 | INFO     | __main__:main:154 - [41/128] 2023 Spring Tile 47NMH
2026-05-01 04:53:43.192 | INFO     | __main__:main:174 -   Found: S2B_MSIL2A_20230411T033539_N0510_R061_T47NMH_20240827T0
2026-05-01 04:53:44.993 | INFO     | __main__:download_scene:102 -   Downloading: S2B_MSIL2A_20230411T033539_N0510_R061_T47NMH_20240827T0 (808 MB)
2026-05-01 04:55:33.403 | SUCCESS  | __main__:download_scene:112 -   Done: S2B_MSIL2A_20230411T033539_N0510_R061_T47NMH_20240827T015224
2026-05-01 04:55:35.407 | INFO     | __main__:main:154 - [42/128] 2023 Spring Tile 47NNH
2026-05-01 04:55:37.056 | INFO     | __main__:main:174 -   Found: S2A_MSIL2A_20230317T033531_N0510_R061_T47NNH_20240831T0
2026-05-01 04:55:37.059 | INFO     | __main__:download_scene:88 -   SKIP (exists): S2A_MSIL2A_20230317T033531_N0510_R061_T47NNH_20240831T085407
2026-05-01 04:55:39.061 | INFO     | __main__:main:154 - [43/128] 2023 Spring Tile 48NTG
2026-05-01 04:55:40.459 | WARNING  | __main__:main:168 -   No scene found for 48NTG 2023 Spring
2026-05-01 04:55:40.460 | INFO     | __main__:main:154 - [44/128] 2023 Spring Tile 48NUG
2026-05-01 04:55:41.882 | INFO     | __main__:main:174 -   Found: S2B_MSIL2A_20230316T031519_N0510_R118_T48NUG_20240823T1
2026-05-01 04:55:41.884 | INFO     | __main__:download_scene:88 -   SKIP (exists): S2B_MSIL2A_20230316T031519_N0510_R118_T48NUG_20240823T125629
2026-05-01 04:55:43.887 | INFO     | __main__:main:154 - [45/128] 2023 Spring Tile 48NUH
2026-05-01 04:55:45.334 | WARNING  | __main__:main:168 -   No scene found for 48NUH 2023 Spring
2026-05-01 04:55:45.335 | INFO     | __main__:main:154 - [46/128] 2023 Spring Tile 48NVH
2026-05-01 04:55:46.790 | INFO     | __main__:main:174 -   Found: S2B_MSIL2A_20230316T031519_N0510_R118_T48NVH_20240823T1
2026-05-01 04:55:46.793 | INFO     | __main__:download_scene:88 -   SKIP (exists): S2B_MSIL2A_20230316T031519_N0510_R118_T48NVH_20240823T125629
2026-05-01 04:55:48.794 | INFO     | __main__:main:154 - [47/128] 2023 Spring Tile 49NCA
2026-05-01 04:55:50.293 | INFO     | __main__:main:174 -   Found: S2A_MSIL2A_20230613T025531_N0510_R032_T49NCA_20240916T1
2026-05-01 04:55:52.300 | INFO     | __main__:download_scene:102 -   Downloading: S2A_MSIL2A_20230613T025531_N0510_R032_T49NCA_20240916T1 (316 MB)
2026-05-01 04:56:45.795 | SUCCESS  | __main__:download_scene:112 -   Done: S2A_MSIL2A_20230613T025531_N0510_R032_T49NCA_20240916T173550
2026-05-01 04:56:47.798 | INFO     | __main__:main:154 - [48/128] 2023 Spring Tile 49NCB
2026-05-01 04:56:49.250 | INFO     | __main__:main:174 -   Found: S2B_MSIL2A_20230516T024529_N0510_R132_T49NCB_20240905T0
2026-05-01 04:56:51.464 | INFO     | __main__:download_scene:102 -   Downloading: S2B_MSIL2A_20230516T024529_N0510_R132_T49NCB_20240905T0 (893 MB)
2026-05-01 04:58:35.436 | ERROR    | __main__:download_scene:115 -   Failed: ('Connection broken: IncompleteRead(165342035 bytes read, 770596634 more expected)', IncompleteRead(165342035 bytes read, 770596634 more expected))
2026-05-01 04:58:37.472 | INFO     | __main__:main:154 - [49/128] 2023 Summer Tile 47NMH
2026-05-01 04:58:38.717 | INFO     | __main__:main:174 -   Found: S2B_MSIL2A_20230620T033539_N0510_R061_T47NMH_20240909T0
2026-05-01 04:58:40.540 | INFO     | __main__:download_scene:102 -   Downloading: S2B_MSIL2A_20230620T033539_N0510_R061_T47NMH_20240909T0 (695 MB)
2026-05-01 05:00:10.233 | SUCCESS  | __main__:download_scene:112 -   Done: S2B_MSIL2A_20230620T033539_N0510_R061_T47NMH_20240909T064031
2026-05-01 05:00:12.236 | INFO     | __main__:main:154 - [50/128] 2023 Summer Tile 47NNH
2026-05-01 05:00:12.237 | INFO     | __main__:main:160 - Refreshing token...
2026-05-01 05:00:14.470 | INFO     | __main__:get_token:39 - Token obtained successfully
2026-05-01 05:00:15.712 | INFO     | __main__:main:174 -   Found: S2B_MSIL2A_20230620T033539_N0510_R061_T47NNH_20240909T0
2026-05-01 05:00:15.713 | INFO     | __main__:download_scene:88 -   SKIP (exists): S2B_MSIL2A_20230620T033539_N0510_R061_T47NNH_20240909T064031
2026-05-01 05:00:17.718 | INFO     | __main__:main:154 - [51/128] 2023 Summer Tile 48NTG
2026-05-01 05:00:18.911 | INFO     | __main__:main:174 -   Found: S2A_MSIL2A_20230619T031521_N0510_R118_T48NTG_20240926T2
2026-05-01 05:00:21.469 | INFO     | __main__:download_scene:102 -   Downloading: S2A_MSIL2A_20230619T031521_N0510_R118_T48NTG_20240926T2 (927 MB)
2026-05-01 05:02:31.452 | SUCCESS  | __main__:download_scene:112 -   Done: S2A_MSIL2A_20230619T031521_N0510_R118_T48NTG_20240926T212658
2026-05-01 05:02:33.455 | INFO     | __main__:main:154 - [52/128] 2023 Summer Tile 48NUG
2026-05-01 05:02:35.160 | INFO     | __main__:main:174 -   Found: S2B_MSIL2A_20230724T031529_N0510_R118_T48NUG_20241014T0
2026-05-01 05:02:37.284 | INFO     | __main__:download_scene:102 -   Downloading: S2B_MSIL2A_20230724T031529_N0510_R118_T48NUG_20241014T0 (1018 MB)
2026-05-01 05:05:36.720 | SUCCESS  | __main__:download_scene:112 -   Done: S2B_MSIL2A_20230724T031529_N0510_R118_T48NUG_20241014T021553
2026-05-01 05:05:38.724 | INFO     | __main__:main:154 - [53/128] 2023 Summer Tile 48NUH
2026-05-01 05:05:39.958 | WARNING  | __main__:main:168 -   No scene found for 48NUH 2023 Summer
2026-05-01 05:05:39.959 | INFO     | __main__:main:154 - [54/128] 2023 Summer Tile 48NVH
2026-05-01 05:05:42.257 | INFO     | __main__:main:174 -   Found: S2B_MSIL2A_20230621T030529_N0510_R075_T48NVH_20240911T2
2026-05-01 05:05:42.258 | INFO     | __main__:download_scene:88 -   SKIP (exists): S2B_MSIL2A_20230621T030529_N0510_R075_T48NVH_20240911T224111
2026-05-01 05:05:44.261 | INFO     | __main__:main:154 - [55/128] 2023 Summer Tile 49NCA
2026-05-01 05:05:46.138 | INFO     | __main__:main:174 -   Found: S2B_MSIL2A_20230705T024529_N0510_R132_T49NCA_20240912T1
2026-05-01 05:05:46.140 | INFO     | __main__:download_scene:88 -   SKIP (exists): S2B_MSIL2A_20230705T024529_N0510_R132_T49NCA_20240912T131721
2026-05-01 05:05:48.144 | INFO     | __main__:main:154 - [56/128] 2023 Summer Tile 49NCB
2026-05-01 05:05:49.371 | INFO     | __main__:main:174 -   Found: S2B_MSIL2A_20230628T025529_N0510_R032_T49NCB_20240926T1
2026-05-01 05:05:51.213 | INFO     | __main__:download_scene:102 -   Downloading: S2B_MSIL2A_20230628T025529_N0510_R032_T49NCB_20240926T1 (547 MB)
2026-05-01 05:07:29.982 | SUCCESS  | __main__:download_scene:112 -   Done: S2B_MSIL2A_20230628T025529_N0510_R032_T49NCB_20240926T104624
2026-05-01 05:07:31.986 | INFO     | __main__:main:154 - [57/128] 2023 Autumn Tile 47NMH
2026-05-01 05:07:34.697 | INFO     | __main__:main:174 -   Found: S2A_MSIL2A_20231013T033701_N0510_R061_T47NMH_20241107T0
2026-05-01 05:07:37.328 | INFO     | __main__:download_scene:102 -   Downloading: S2A_MSIL2A_20231013T033701_N0510_R061_T47NMH_20241107T0 (715 MB)
2026-05-01 05:11:01.881 | SUCCESS  | __main__:download_scene:112 -   Done: S2A_MSIL2A_20231013T033701_N0510_R061_T47NMH_20241107T003433
2026-05-01 05:11:03.888 | INFO     | __main__:main:154 - [58/128] 2023 Autumn Tile 47NNH
2026-05-01 05:11:05.049 | WARNING  | __main__:main:168 -   No scene found for 47NNH 2023 Autumn
2026-05-01 05:11:05.050 | INFO     | __main__:main:154 - [59/128] 2023 Autumn Tile 48NTG
2026-05-01 05:11:06.535 | INFO     | __main__:main:174 -   Found: S2A_MSIL2A_20230927T031521_N0510_R118_T48NTG_20241028T0
2026-05-01 05:11:08.446 | INFO     | __main__:download_scene:102 -   Downloading: S2A_MSIL2A_20230927T031521_N0510_R118_T48NTG_20241028T0 (982 MB)
2026-05-01 05:13:17.598 | SUCCESS  | __main__:download_scene:112 -   Done: S2A_MSIL2A_20230927T031521_N0510_R118_T48NTG_20241028T025941
2026-05-01 05:13:19.603 | INFO     | __main__:main:154 - [60/128] 2023 Autumn Tile 48NUG
2026-05-01 05:13:19.604 | INFO     | __main__:main:160 - Refreshing token...
2026-05-01 05:13:21.034 | INFO     | __main__:get_token:39 - Token obtained successfully
2026-05-01 05:13:22.256 | INFO     | __main__:main:174 -   Found: S2A_MSIL2A_20230927T031521_N0510_R118_T48NUG_20241028T0
2026-05-01 05:13:24.250 | INFO     | __main__:download_scene:102 -   Downloading: S2A_MSIL2A_20230927T031521_N0510_R118_T48NUG_20241028T0 (1070 MB)
2026-05-01 05:15:48.385 | SUCCESS  | __main__:download_scene:112 -   Done: S2A_MSIL2A_20230927T031521_N0510_R118_T48NUG_20241028T025941
2026-05-01 05:15:50.388 | INFO     | __main__:main:154 - [61/128] 2023 Autumn Tile 48NUH
2026-05-01 05:15:51.847 | INFO     | __main__:main:174 -   Found: S2A_MSIL2A_20230927T031521_N0510_R118_T48NUH_20241028T0
2026-05-01 05:15:53.978 | INFO     | __main__:download_scene:102 -   Downloading: S2A_MSIL2A_20230927T031521_N0510_R118_T48NUH_20241028T0 (1118 MB)
2026-05-01 05:18:46.474 | SUCCESS  | __main__:download_scene:112 -   Done: S2A_MSIL2A_20230927T031521_N0510_R118_T48NUH_20241028T025941
2026-05-01 05:18:48.478 | INFO     | __main__:main:154 - [62/128] 2023 Autumn Tile 48NVH
2026-05-01 05:18:49.815 | INFO     | __main__:main:174 -   Found: S2A_MSIL2A_20230917T031521_N0510_R118_T48NVH_20241018T1
2026-05-01 05:18:49.817 | INFO     | __main__:download_scene:88 -   SKIP (exists): S2A_MSIL2A_20230917T031521_N0510_R118_T48NVH_20241018T143743
2026-05-01 05:18:51.818 | INFO     | __main__:main:154 - [63/128] 2023 Autumn Tile 49NCA
2026-05-01 05:18:52.985 | WARNING  | __main__:main:168 -   No scene found for 49NCA 2023 Autumn
2026-05-01 05:18:52.986 | INFO     | __main__:main:154 - [64/128] 2023 Autumn Tile 49NCB
2026-05-01 05:18:54.186 | WARNING  | __main__:main:168 -   No scene found for 49NCB 2023 Autumn
2026-05-01 05:18:54.187 | INFO     | __main__:main:154 - [65/128] 2024 Winter Tile 47NMH
2026-05-01 05:18:55.384 | INFO     | __main__:main:174 -   Found: S2B_MSIL2A_20240129T035019_N0510_R104_T47NMH_20240129T0
2026-05-01 05:18:55.387 | INFO     | __main__:download_scene:88 -   SKIP (exists): S2B_MSIL2A_20240129T035019_N0510_R104_T47NMH_20240129T060920
2026-05-01 05:18:57.389 | INFO     | __main__:main:154 - [66/128] 2024 Winter Tile 47NNH
2026-05-01 05:18:58.594 | INFO     | __main__:main:174 -   Found: S2B_MSIL2A_20240215T033839_N0510_R061_T47NNH_20240215T0
2026-05-01 05:18:58.597 | INFO     | __main__:download_scene:88 -   SKIP (exists): S2B_MSIL2A_20240215T033839_N0510_R061_T47NNH_20240215T072740
2026-05-01 05:19:00.601 | INFO     | __main__:main:154 - [67/128] 2024 Winter Tile 48NTG
2026-05-01 05:19:01.743 | WARNING  | __main__:main:168 -   No scene found for 48NTG 2024 Winter
2026-05-01 05:19:01.744 | INFO     | __main__:main:154 - [68/128] 2024 Winter Tile 48NUG
2026-05-01 05:19:03.215 | WARNING  | __main__:main:168 -   No scene found for 48NUG 2024 Winter
2026-05-01 05:19:03.216 | INFO     | __main__:main:154 - [69/128] 2024 Winter Tile 48NUH
2026-05-01 05:19:05.403 | INFO     | __main__:main:174 -   Found: S2A_MSIL2A_20240224T031721_N0510_R118_T48NUH_20240224T0
2026-05-01 05:19:05.405 | INFO     | __main__:download_scene:88 -   SKIP (exists): S2A_MSIL2A_20240224T031721_N0510_R118_T48NUH_20240224T063353
2026-05-01 05:19:07.410 | INFO     | __main__:main:154 - [70/128] 2024 Winter Tile 48NVH
2026-05-01 05:19:07.411 | INFO     | __main__:main:160 - Refreshing token...
2026-05-01 05:19:09.059 | INFO     | __main__:get_token:39 - Token obtained successfully
2026-05-01 05:19:10.594 | INFO     | __main__:main:174 -   Found: S2A_MSIL2A_20240221T030741_N0510_R075_T48NVH_20240221T0
2026-05-01 05:19:10.598 | INFO     | __main__:download_scene:88 -   SKIP (exists): S2A_MSIL2A_20240221T030741_N0510_R075_T48NVH_20240221T061752
2026-05-01 05:19:12.602 | INFO     | __main__:main:154 - [71/128] 2024 Winter Tile 49NCA
2026-05-01 05:19:15.093 | WARNING  | __main__:main:168 -   No scene found for 49NCA 2024 Winter
2026-05-01 05:19:15.094 | INFO     | __main__:main:154 - [72/128] 2024 Winter Tile 49NCB
2026-05-01 05:19:16.580 | WARNING  | __main__:main:168 -   No scene found for 49NCB 2024 Winter
2026-05-01 05:19:16.580 | INFO     | __main__:main:154 - [73/128] 2024 Spring Tile 47NMH
2026-05-01 05:19:19.486 | INFO     | __main__:main:174 -   Found: S2B_MSIL2A_20240319T034529_N0510_R104_T47NMH_20240319T0
2026-05-01 05:19:19.489 | INFO     | __main__:download_scene:88 -   SKIP (exists): S2B_MSIL2A_20240319T034529_N0510_R104_T47NMH_20240319T065306
2026-05-01 05:19:21.492 | INFO     | __main__:main:154 - [74/128] 2024 Spring Tile 47NNH
2026-05-01 05:19:23.009 | INFO     | __main__:main:174 -   Found: S2A_MSIL2A_20240321T033541_N0510_R061_T47NNH_20240321T0
2026-05-01 05:19:23.013 | INFO     | __main__:download_scene:88 -   SKIP (exists): S2A_MSIL2A_20240321T033541_N0510_R061_T47NNH_20240321T075552
2026-05-01 05:19:25.015 | INFO     | __main__:main:154 - [75/128] 2024 Spring Tile 48NTG
2026-05-01 05:19:26.447 | WARNING  | __main__:main:168 -   No scene found for 48NTG 2024 Spring
2026-05-01 05:19:26.448 | INFO     | __main__:main:154 - [76/128] 2024 Spring Tile 48NUG
2026-05-01 05:19:28.981 | WARNING  | __main__:main:168 -   No scene found for 48NUG 2024 Spring
2026-05-01 05:19:28.982 | INFO     | __main__:main:154 - [77/128] 2024 Spring Tile 48NUH
2026-05-01 05:19:30.623 | WARNING  | __main__:main:168 -   No scene found for 48NUH 2024 Spring
2026-05-01 05:19:30.624 | INFO     | __main__:main:154 - [78/128] 2024 Spring Tile 48NVH
2026-05-01 05:19:32.285 | INFO     | __main__:main:174 -   Found: S2B_MSIL2A_20240406T030519_N0510_R075_T48NVH_20240406T0
2026-05-01 05:19:34.255 | INFO     | __main__:download_scene:102 -   Downloading: S2B_MSIL2A_20240406T030519_N0510_R075_T48NVH_20240406T0 (363 MB)
2026-05-01 05:20:29.696 | SUCCESS  | __main__:download_scene:112 -   Done: S2B_MSIL2A_20240406T030519_N0510_R075_T48NVH_20240406T062815
2026-05-01 05:20:31.699 | INFO     | __main__:main:154 - [79/128] 2024 Spring Tile 49NCA
2026-05-01 05:20:33.211 | WARNING  | __main__:main:168 -   No scene found for 49NCA 2024 Spring
2026-05-01 05:20:33.212 | INFO     | __main__:main:154 - [80/128] 2024 Spring Tile 49NCB
2026-05-01 05:20:33.215 | INFO     | __main__:main:160 - Refreshing token...
2026-05-01 05:20:34.667 | INFO     | __main__:get_token:39 - Token obtained successfully
2026-05-01 05:20:35.946 | INFO     | __main__:main:174 -   Found: S2B_MSIL2A_20240430T024529_N0510_R132_T49NCB_20240430T0
2026-05-01 05:20:37.719 | INFO     | __main__:download_scene:102 -   Downloading: S2B_MSIL2A_20240430T024529_N0510_R132_T49NCB_20240430T0 (865 MB)
2026-05-01 05:25:19.001 | SUCCESS  | __main__:download_scene:112 -   Done: S2B_MSIL2A_20240430T024529_N0510_R132_T49NCB_20240430T054243
2026-05-01 05:25:21.004 | INFO     | __main__:main:154 - [81/128] 2024 Summer Tile 47NMH
2026-05-01 05:25:22.205 | INFO     | __main__:main:174 -   Found: S2B_MSIL2A_20240813T033539_N0511_R061_T47NMH_20240813T0
2026-05-01 05:25:22.209 | INFO     | __main__:download_scene:88 -   SKIP (exists): S2B_MSIL2A_20240813T033539_N0511_R061_T47NMH_20240813T080931
2026-05-01 05:25:24.211 | INFO     | __main__:main:154 - [82/128] 2024 Summer Tile 47NNH
2026-05-01 05:25:26.842 | WARNING  | __main__:main:168 -   No scene found for 47NNH 2024 Summer
2026-05-01 05:25:26.843 | INFO     | __main__:main:154 - [83/128] 2024 Summer Tile 48NTG
2026-05-01 05:25:27.999 | WARNING  | __main__:main:168 -   No scene found for 48NTG 2024 Summer
2026-05-01 05:25:27.999 | INFO     | __main__:main:154 - [84/128] 2024 Summer Tile 48NUG
2026-05-01 05:25:29.204 | INFO     | __main__:main:174 -   Found: S2B_MSIL2A_20240728T031519_N0511_R118_T48NUG_20240728T0
2026-05-01 05:25:29.208 | INFO     | __main__:download_scene:88 -   SKIP (exists): S2B_MSIL2A_20240728T031519_N0511_R118_T48NUG_20240728T071428
2026-05-01 05:25:31.210 | INFO     | __main__:main:154 - [85/128] 2024 Summer Tile 48NUH
2026-05-01 05:25:32.425 | WARNING  | __main__:main:168 -   No scene found for 48NUH 2024 Summer
2026-05-01 05:25:32.426 | INFO     | __main__:main:154 - [86/128] 2024 Summer Tile 48NVH
2026-05-01 05:25:33.672 | INFO     | __main__:main:174 -   Found: S2B_MSIL2A_20240625T030529_N0510_R075_T48NVH_20240625T0
2026-05-01 05:25:33.675 | INFO     | __main__:download_scene:88 -   SKIP (exists): S2B_MSIL2A_20240625T030529_N0510_R075_T48NVH_20240625T061705
2026-05-01 05:25:35.677 | INFO     | __main__:main:154 - [87/128] 2024 Summer Tile 49NCA
2026-05-01 05:25:36.885 | INFO     | __main__:main:174 -   Found: S2A_MSIL2A_20240823T024521_N0511_R132_T49NCA_20240823T0
2026-05-01 05:25:36.888 | INFO     | __main__:download_scene:88 -   SKIP (exists): S2A_MSIL2A_20240823T024521_N0511_R132_T49NCA_20240823T090749
2026-05-01 05:25:38.889 | INFO     | __main__:main:154 - [88/128] 2024 Summer Tile 49NCB
2026-05-01 05:25:40.424 | INFO     | __main__:main:174 -   Found: S2A_MSIL2A_20240724T024551_N0511_R132_T49NCB_20240724T0
2026-05-01 05:25:42.339 | INFO     | __main__:download_scene:102 -   Downloading: S2A_MSIL2A_20240724T024551_N0511_R132_T49NCB_20240724T0 (870 MB)
2026-05-01 05:27:41.877 | SUCCESS  | __main__:download_scene:112 -   Done: S2A_MSIL2A_20240724T024551_N0511_R132_T49NCB_20240724T090850
2026-05-01 05:27:43.881 | INFO     | __main__:main:154 - [89/128] 2024 Autumn Tile 47NMH
2026-05-01 05:27:45.098 | INFO     | __main__:main:174 -   Found: S2A_MSIL2A_20240930T034541_N0511_R104_T47NMH_20240930T0
2026-05-01 05:27:46.826 | INFO     | __main__:download_scene:102 -   Downloading: S2A_MSIL2A_20240930T034541_N0511_R104_T47NMH_20240930T0 (190 MB)
2026-05-01 05:28:38.903 | SUCCESS  | __main__:download_scene:112 -   Done: S2A_MSIL2A_20240930T034541_N0511_R104_T47NMH_20240930T074749
2026-05-01 05:28:40.908 | INFO     | __main__:main:154 - [90/128] 2024 Autumn Tile 47NNH
2026-05-01 05:28:40.908 | INFO     | __main__:main:160 - Refreshing token...
2026-05-01 05:28:42.348 | INFO     | __main__:get_token:39 - Token obtained successfully
2026-05-01 05:28:43.715 | INFO     | __main__:main:174 -   Found: S2A_MSIL2A_20241116T034021_N0511_R061_T47NNH_20241116T0
2026-05-01 05:28:43.720 | INFO     | __main__:download_scene:88 -   SKIP (exists): S2A_MSIL2A_20241116T034021_N0511_R061_T47NNH_20241116T065454
2026-05-01 05:28:45.722 | INFO     | __main__:main:154 - [91/128] 2024 Autumn Tile 48NTG
2026-05-01 05:28:48.070 | INFO     | __main__:main:174 -   Found: S2A_MSIL2A_20241021T031751_N0511_R118_T48NTG_20241021T0
2026-05-01 05:28:48.072 | INFO     | __main__:download_scene:88 -   SKIP (exists): S2A_MSIL2A_20241021T031751_N0511_R118_T48NTG_20241021T063557
2026-05-01 05:28:50.074 | INFO     | __main__:main:154 - [92/128] 2024 Autumn Tile 48NUG
2026-05-01 05:28:52.116 | WARNING  | __main__:main:168 -   No scene found for 48NUG 2024 Autumn
2026-05-01 05:28:52.117 | INFO     | __main__:main:154 - [93/128] 2024 Autumn Tile 48NUH
2026-05-01 05:28:53.360 | WARNING  | __main__:main:168 -   No scene found for 48NUH 2024 Autumn
2026-05-01 05:28:53.361 | INFO     | __main__:main:154 - [94/128] 2024 Autumn Tile 48NVH
2026-05-01 05:28:55.659 | WARNING  | __main__:main:168 -   No scene found for 48NVH 2024 Autumn
2026-05-01 05:28:55.660 | INFO     | __main__:main:154 - [95/128] 2024 Autumn Tile 49NCA
2026-05-01 05:28:56.958 | INFO     | __main__:main:174 -   Found: S2B_MSIL2A_20240920T025519_N0511_R032_T49NCA_20240920T0
2026-05-01 05:28:56.960 | INFO     | __main__:download_scene:88 -   SKIP (exists): S2B_MSIL2A_20240920T025519_N0511_R032_T49NCA_20240920T061004
2026-05-01 05:28:58.963 | INFO     | __main__:main:154 - [96/128] 2024 Autumn Tile 49NCB
2026-05-01 05:29:00.494 | INFO     | __main__:main:174 -   Found: S2B_MSIL2A_20241027T024719_N0511_R132_T49NCB_20241027T0
2026-05-01 05:29:00.495 | INFO     | __main__:download_scene:88 -   SKIP (exists): S2B_MSIL2A_20241027T024719_N0511_R132_T49NCB_20241027T045913
2026-05-01 05:29:02.498 | INFO     | __main__:main:154 - [97/128] 2025 Winter Tile 47NMH
2026-05-01 05:29:03.881 | INFO     | __main__:main:174 -   Found: S2A_MSIL2A_20250105T034131_N0511_R061_T47NMH_20250105T0
2026-05-01 05:29:03.883 | INFO     | __main__:download_scene:88 -   SKIP (exists): S2A_MSIL2A_20250105T034131_N0511_R061_T47NMH_20250105T065151
2026-05-01 05:29:05.887 | INFO     | __main__:main:154 - [98/128] 2025 Winter Tile 47NNH
2026-05-01 05:29:07.018 | INFO     | __main__:main:174 -   Found: S2A_MSIL2A_20250105T034131_N0511_R061_T47NNH_20250105T0
2026-05-01 05:29:08.826 | INFO     | __main__:download_scene:102 -   Downloading: S2A_MSIL2A_20250105T034131_N0511_R061_T47NNH_20250105T0 (819 MB)
2026-05-01 05:30:52.669 | SUCCESS  | __main__:download_scene:112 -   Done: S2A_MSIL2A_20250105T034131_N0511_R061_T47NNH_20250105T065151
2026-05-01 05:30:54.673 | INFO     | __main__:main:154 - [99/128] 2025 Winter Tile 48NTG
2026-05-01 05:30:55.925 | WARNING  | __main__:main:168 -   No scene found for 48NTG 2025 Winter
2026-05-01 05:30:55.926 | INFO     | __main__:main:154 - [100/128] 2025 Winter Tile 48NUG
2026-05-01 05:30:55.930 | INFO     | __main__:main:160 - Refreshing token...
2026-05-01 05:30:57.413 | INFO     | __main__:get_token:39 - Token obtained successfully
2026-05-01 05:30:58.577 | WARNING  | __main__:main:168 -   No scene found for 48NUG 2025 Winter
2026-05-01 05:30:58.578 | INFO     | __main__:main:154 - [101/128] 2025 Winter Tile 48NUH
2026-05-01 05:30:59.763 | WARNING  | __main__:main:168 -   No scene found for 48NUH 2025 Winter
2026-05-01 05:30:59.764 | INFO     | __main__:main:154 - [102/128] 2025 Winter Tile 48NVH
2026-05-01 05:31:00.941 | WARNING  | __main__:main:168 -   No scene found for 48NVH 2025 Winter
2026-05-01 05:31:00.942 | INFO     | __main__:main:154 - [103/128] 2025 Winter Tile 49NCA
2026-05-01 05:31:02.734 | WARNING  | __main__:main:168 -   No scene found for 49NCA 2025 Winter
2026-05-01 05:31:02.735 | INFO     | __main__:main:154 - [104/128] 2025 Winter Tile 49NCB
2026-05-01 05:31:04.154 | WARNING  | __main__:main:168 -   No scene found for 49NCB 2025 Winter
2026-05-01 05:31:04.155 | INFO     | __main__:main:154 - [105/128] 2025 Spring Tile 47NMH
2026-05-01 05:31:05.357 | INFO     | __main__:main:174 -   Found: S2A_MSIL2A_20250318T034201_N0511_R061_T47NMH_20250318T1
2026-05-01 05:31:07.156 | INFO     | __main__:download_scene:102 -   Downloading: S2A_MSIL2A_20250318T034201_N0511_R061_T47NMH_20250318T1 (810 MB)
2026-05-01 05:34:06.874 | SUCCESS  | __main__:download_scene:112 -   Done: S2A_MSIL2A_20250318T034201_N0511_R061_T47NMH_20250318T114518
2026-05-01 05:34:08.877 | INFO     | __main__:main:154 - [106/128] 2025 Spring Tile 47NNH
2026-05-01 05:34:10.931 | INFO     | __main__:main:174 -   Found: S2C_MSIL2A_20250316T033601_N0511_R061_T47NNH_20250316T0
2026-05-01 05:34:10.933 | INFO     | __main__:download_scene:88 -   SKIP (exists): S2C_MSIL2A_20250316T033601_N0511_R061_T47NNH_20250316T090315
2026-05-01 05:34:12.934 | INFO     | __main__:main:154 - [107/128] 2025 Spring Tile 48NTG
2026-05-01 05:34:14.131 | WARNING  | __main__:main:168 -   No scene found for 48NTG 2025 Spring
2026-05-01 05:34:14.132 | INFO     | __main__:main:154 - [108/128] 2025 Spring Tile 48NUG
2026-05-01 05:34:15.321 | WARNING  | __main__:main:168 -   No scene found for 48NUG 2025 Spring
2026-05-01 05:34:15.322 | INFO     | __main__:main:154 - [109/128] 2025 Spring Tile 48NUH
2026-05-01 05:34:17.102 | WARNING  | __main__:main:168 -   No scene found for 48NUH 2025 Spring
2026-05-01 05:34:17.103 | INFO     | __main__:main:154 - [110/128] 2025 Spring Tile 48NVH
2026-05-01 05:34:17.106 | INFO     | __main__:main:160 - Refreshing token...
2026-05-01 05:34:18.521 | INFO     | __main__:get_token:39 - Token obtained successfully
2026-05-01 05:34:19.769 | INFO     | __main__:main:174 -   Found: S2C_MSIL2A_20250419T031601_N0511_R118_T48NVH_20250419T0
2026-05-01 05:34:19.772 | INFO     | __main__:download_scene:88 -   SKIP (exists): S2C_MSIL2A_20250419T031601_N0511_R118_T48NVH_20250419T074210
2026-05-01 05:34:21.774 | INFO     | __main__:main:154 - [111/128] 2025 Spring Tile 49NCA
2026-05-01 05:34:22.992 | INFO     | __main__:main:174 -   Found: S2A_MSIL2A_20250415T030151_N0511_R032_T49NCA_20250415T0
2026-05-01 05:34:24.826 | INFO     | __main__:download_scene:102 -   Downloading: S2A_MSIL2A_20250415T030151_N0511_R032_T49NCA_20250415T0 (189 MB)
2026-05-01 05:34:55.390 | SUCCESS  | __main__:download_scene:112 -   Done: S2A_MSIL2A_20250415T030151_N0511_R032_T49NCA_20250415T095813
2026-05-01 05:34:57.393 | INFO     | __main__:main:154 - [112/128] 2025 Spring Tile 49NCB
2026-05-01 05:34:58.591 | INFO     | __main__:main:174 -   Found: S2A_MSIL2A_20250525T030151_N0511_R032_T49NCB_20250525T0
2026-05-01 05:34:58.594 | INFO     | __main__:download_scene:88 -   SKIP (exists): S2A_MSIL2A_20250525T030151_N0511_R032_T49NCB_20250525T082414
2026-05-01 05:35:00.595 | INFO     | __main__:main:154 - [113/128] 2025 Summer Tile 47NMH
2026-05-01 05:35:03.074 | INFO     | __main__:main:174 -   Found: S2C_MSIL2A_20250717T034601_N0511_R104_T47NMH_20250717T0
2026-05-01 05:35:05.775 | INFO     | __main__:download_scene:102 -   Downloading: S2C_MSIL2A_20250717T034601_N0511_R104_T47NMH_20250717T0 (170 MB)
2026-05-01 05:35:27.230 | SUCCESS  | __main__:download_scene:112 -   Done: S2C_MSIL2A_20250717T034601_N0511_R104_T47NMH_20250717T090313
2026-05-01 05:35:29.232 | INFO     | __main__:main:154 - [114/128] 2025 Summer Tile 47NNH
2026-05-01 05:35:30.568 | WARNING  | __main__:main:168 -   No scene found for 47NNH 2025 Summer
2026-05-01 05:35:30.569 | INFO     | __main__:main:154 - [115/128] 2025 Summer Tile 48NTG
2026-05-01 05:35:32.903 | INFO     | __main__:main:174 -   Found: S2C_MSIL2A_20250718T031601_N0511_R118_T48NTG_20250718T0
2026-05-01 05:35:35.436 | INFO     | __main__:download_scene:102 -   Downloading: S2C_MSIL2A_20250718T031601_N0511_R118_T48NTG_20250718T0 (862 MB)
2026-05-01 05:37:30.968 | SUCCESS  | __main__:download_scene:112 -   Done: S2C_MSIL2A_20250718T031601_N0511_R118_T48NTG_20250718T083115
2026-05-01 05:37:32.973 | INFO     | __main__:main:154 - [116/128] 2025 Summer Tile 48NUG
2026-05-01 05:37:34.442 | INFO     | __main__:main:174 -   Found: S2B_MSIL2A_20250822T031519_N0511_R118_T48NUG_20250822T0
2026-05-01 05:37:36.722 | INFO     | __main__:download_scene:102 -   Downloading: S2B_MSIL2A_20250822T031519_N0511_R118_T48NUG_20250822T0 (1046 MB)
2026-05-01 05:40:39.109 | SUCCESS  | __main__:download_scene:112 -   Done: S2B_MSIL2A_20250822T031519_N0511_R118_T48NUG_20250822T065722
2026-05-01 05:40:41.114 | INFO     | __main__:main:154 - [117/128] 2025 Summer Tile 48NUH
2026-05-01 05:40:44.123 | INFO     | __main__:main:174 -   Found: S2C_MSIL2A_20250718T031601_N0511_R118_T48NUH_20250718T0
2026-05-01 05:40:46.372 | INFO     | __main__:download_scene:102 -   Downloading: S2C_MSIL2A_20250718T031601_N0511_R118_T48NUH_20250718T0 (1063 MB)
2026-05-01 05:43:34.413 | SUCCESS  | __main__:download_scene:112 -   Done: S2C_MSIL2A_20250718T031601_N0511_R118_T48NUH_20250718T083115
2026-05-01 05:43:36.416 | INFO     | __main__:main:154 - [118/128] 2025 Summer Tile 48NVH
2026-05-01 05:43:37.899 | INFO     | __main__:main:174 -   Found: S2A_MSIL2A_20250627T031151_N0511_R075_T48NVH_20250627T0
2026-05-01 05:43:39.920 | INFO     | __main__:download_scene:102 -   Downloading: S2A_MSIL2A_20250627T031151_N0511_R075_T48NVH_20250627T0 (386 MB)
2026-05-01 05:47:45.228 | SUCCESS  | __main__:download_scene:112 -   Done: S2A_MSIL2A_20250627T031151_N0511_R075_T48NVH_20250627T073518
2026-05-01 05:47:47.232 | INFO     | __main__:main:154 - [119/128] 2025 Summer Tile 49NCA
2026-05-01 05:47:48.733 | INFO     | __main__:main:174 -   Found: S2C_MSIL2A_20250702T025611_N0511_R032_T49NCA_20250702T0
2026-05-01 05:47:50.856 | INFO     | __main__:download_scene:102 -   Downloading: S2C_MSIL2A_20250702T025611_N0511_R032_T49NCA_20250702T0 (311 MB)
2026-05-01 05:48:40.820 | SUCCESS  | __main__:download_scene:112 -   Done: S2C_MSIL2A_20250702T025611_N0511_R032_T49NCA_20250702T075315
2026-05-01 05:48:42.823 | INFO     | __main__:main:154 - [120/128] 2025 Summer Tile 49NCB
2026-05-01 05:48:42.824 | INFO     | __main__:main:160 - Refreshing token...
2026-05-01 05:48:44.501 | INFO     | __main__:get_token:39 - Token obtained successfully
2026-05-01 05:48:45.918 | INFO     | __main__:main:174 -   Found: S2C_MSIL2A_20250702T025611_N0511_R032_T49NCB_20250702T0
2026-05-01 05:48:45.919 | INFO     | __main__:download_scene:88 -   SKIP (exists): S2C_MSIL2A_20250702T025611_N0511_R032_T49NCB_20250702T075315
2026-05-01 05:48:47.922 | INFO     | __main__:main:154 - [121/128] 2025 Autumn Tile 47NMH
2026-05-01 05:48:49.434 | INFO     | __main__:main:174 -   Found: S2C_MSIL2A_20251015T034741_N0511_R104_T47NMH_20251015T0
2026-05-01 05:48:49.435 | INFO     | __main__:download_scene:88 -   SKIP (exists): S2C_MSIL2A_20251015T034741_N0511_R104_T47NMH_20251015T091114
2026-05-01 05:48:51.439 | INFO     | __main__:main:154 - [122/128] 2025 Autumn Tile 47NNH
2026-05-01 05:48:52.935 | INFO     | __main__:main:174 -   Found: S2C_MSIL2A_20251002T033611_N0511_R061_T47NNH_20251002T0
2026-05-01 05:48:52.935 | INFO     | __main__:download_scene:88 -   SKIP (exists): S2C_MSIL2A_20251002T033611_N0511_R061_T47NNH_20251002T091721
2026-05-01 05:48:54.941 | INFO     | __main__:main:154 - [123/128] 2025 Autumn Tile 48NTG
2026-05-01 05:48:57.663 | WARNING  | __main__:main:168 -   No scene found for 48NTG 2025 Autumn
2026-05-01 05:48:57.664 | INFO     | __main__:main:154 - [124/128] 2025 Autumn Tile 48NUG
2026-05-01 05:48:59.146 | INFO     | __main__:main:174 -   Found: S2C_MSIL2A_20251205T032131_N0511_R118_T48NUG_20251205T0
2026-05-01 05:48:59.146 | INFO     | __main__:download_scene:88 -   SKIP (exists): S2C_MSIL2A_20251205T032131_N0511_R118_T48NUG_20251205T065815
2026-05-01 05:49:01.150 | INFO     | __main__:main:154 - [125/128] 2025 Autumn Tile 48NUH
2026-05-01 05:49:03.219 | WARNING  | __main__:main:168 -   No scene found for 48NUH 2025 Autumn
2026-05-01 05:49:03.220 | INFO     | __main__:main:154 - [126/128] 2025 Autumn Tile 48NVH
2026-05-01 05:49:04.735 | INFO     | __main__:main:174 -   Found: S2B_MSIL2A_20251031T031759_N0511_R118_T48NVH_20251031T0
2026-05-01 05:49:06.916 | INFO     | __main__:download_scene:102 -   Downloading: S2B_MSIL2A_20251031T031759_N0511_R118_T48NVH_20251031T0 (719 MB)
2026-05-01 06:00:36.362 | SUCCESS  | __main__:download_scene:112 -   Done: S2B_MSIL2A_20251031T031759_N0511_R118_T48NVH_20251031T065414
2026-05-01 06:00:38.366 | INFO     | __main__:main:154 - [127/128] 2025 Autumn Tile 49NCA
2026-05-01 06:00:39.768 | WARNING  | __main__:main:168 -   No scene found for 49NCA 2025 Autumn
2026-05-01 06:00:39.769 | INFO     | __main__:main:154 - [128/128] 2025 Autumn Tile 49NCB
2026-05-01 06:00:42.029 | INFO     | __main__:main:174 -   Found: S2B_MSIL2A_20250925T025529_N0511_R032_T49NCB_20250925T0
2026-05-01 06:00:44.346 | INFO     | __main__:download_scene:102 -   Downloading: S2B_MSIL2A_20250925T025529_N0511_R032_T49NCB_20250925T0 (532 MB)
2026-05-01 06:02:18.205 | SUCCESS  | __main__:download_scene:112 -   Done: S2B_MSIL2A_20250925T025529_N0511_R032_T49NCB_20250925T063423
2026-05-01 06:02:20.214 | INFO     | __main__:main:184 - 
============================================================
2026-05-01 06:02:20.215 | INFO     | __main__:main:185 - COMPLETE:
2026-05-01 06:02:20.221 | INFO     | __main__:main:186 -   Downloaded:  70
2026-05-01 06:02:20.222 | INFO     | __main__:main:187 -   Failed:      3
2026-05-01 06:02:20.224 | INFO     | __main__:main:188 -   Not found:   55
2026-05-01 06:02:20.225 | INFO     | __main__:main:189 -   Log saved:   C:\Users\Apple\deep_sea_pulse\outputs\sentinel2\R1\downloaded_scenes.json
2026-05-01 06:02:20.226 | INFO     | __main__:main:190 - ============================================================
