2026-04-29 15:16:15.697 | INFO     | __main__:main:104 - ============================================================
2026-04-29 15:16:15.697 | INFO     | __main__:main:105 - Phase 1 - CMEMS Download: Region R3 Mediterranean
2026-04-29 15:16:15.698 | INFO     | __main__:main:106 - Region:  0.0W to 15.0E
2026-04-29 15:16:15.698 | INFO     | __main__:main:107 -          36.0N to 43.0N
2026-04-29 15:16:15.698 | INFO     | __main__:main:108 - Years:   [2022, 2023, 2024, 2025]
2026-04-29 15:16:15.698 | INFO     | __main__:main:109 - Depth:   0.5m to 2000m
2026-04-29 15:16:15.698 | INFO     | __main__:main:110 - Output:  C:\Users\Apple\deep_sea_pulse\outputs\cmems\physics\R3
2026-04-29 15:16:15.699 | INFO     | __main__:main:111 - ============================================================
2026-04-29 15:16:15.701 | INFO     | __main__:main:117 - 
Year 2022:
2026-04-29 15:16:15.701 | INFO     | __main__:main:119 -   [Physics] 3D currents + temperature + salinity...
2026-04-29 15:16:20.697 | INFO     | __main__:download_physics:33 -   Downloading: R3_physics_2022.nc
2026-04-29 15:16:44.779 | ERROR    | __main__:download_physics:54 -   Failed R3_physics_2022.nc: The variable 'wo' is neither a variable or a standard name in the dataset.
2026-04-29 15:16:44.779 | INFO     | __main__:main:125 -   [Waves] Stokes drift...
2026-04-29 15:16:44.780 | INFO     | __main__:download_waves:69 -   Downloading: R3_waves_2022.nc
2026-04-29 15:21:54.366 | SUCCESS  | __main__:download_waves:85 -   Done: R3_waves_2022.nc
2026-04-29 15:21:54.367 | INFO     | __main__:main:117 - 
Year 2023:
2026-04-29 15:21:54.367 | INFO     | __main__:main:119 -   [Physics] 3D currents + temperature + salinity...
2026-04-29 15:21:54.367 | INFO     | __main__:download_physics:33 -   Downloading: R3_physics_2023.nc
2026-04-29 15:22:16.703 | ERROR    | __main__:download_physics:54 -   Failed R3_physics_2023.nc: The variable 'wo' is neither a variable or a standard name in the dataset.
2026-04-29 15:22:16.704 | INFO     | __main__:main:125 -   [Waves] Stokes drift...
2026-04-29 15:22:16.707 | INFO     | __main__:download_waves:69 -   Downloading: R3_waves_2023.nc
2026-04-29 15:23:38.824 | SUCCESS  | __main__:download_waves:85 -   Done: R3_waves_2023.nc
2026-04-29 15:23:38.824 | INFO     | __main__:main:117 - 
Year 2024:
2026-04-29 15:23:38.825 | INFO     | __main__:main:119 -   [Physics] 3D currents + temperature + salinity...
2026-04-29 15:23:38.826 | INFO     | __main__:download_physics:33 -   Downloading: R3_physics_2024.nc
2026-04-29 15:24:11.263 | ERROR    | __main__:download_physics:54 -   Failed R3_physics_2024.nc: The variable 'wo' is neither a variable or a standard name in the dataset.
2026-04-29 15:24:11.264 | INFO     | __main__:main:125 -   [Waves] Stokes drift...
2026-04-29 15:24:11.267 | INFO     | __main__:download_waves:69 -   Downloading: R3_waves_2024.nc
2026-04-29 15:25:25.101 | SUCCESS  | __main__:download_waves:85 -   Done: R3_waves_2024.nc
2026-04-29 15:25:25.102 | INFO     | __main__:main:117 - 
Year 2025:
2026-04-29 15:25:25.103 | INFO     | __main__:main:119 -   [Physics] 3D currents + temperature + salinity...
2026-04-29 15:25:25.104 | INFO     | __main__:download_physics:33 -   Downloading: R3_physics_2025.nc
2026-04-29 15:25:48.479 | ERROR    | __main__:download_physics:54 -   Failed R3_physics_2025.nc: The variable 'wo' is neither a variable or a standard name in the dataset.
2026-04-29 15:26:01.233 | INFO     | __main__:main:125 -   [Waves] Stokes drift...
2026-04-29 15:26:01.234 | INFO     | __main__:download_waves:69 -   Downloading: R3_waves_2025.nc
2026-04-29 15:27:42.744 | SUCCESS  | __main__:download_waves:85 -   Done: R3_waves_2025.nc
2026-04-29 15:27:42.744 | INFO     | __main__:main:131 - 
============================================================
2026-04-29 15:27:42.745 | INFO     | __main__:main:132 - COMPLETE:
2026-04-29 15:27:42.745 | INFO     | __main__:main:133 -   Physics files: 0 OK, 4 failed
2026-04-29 15:27:42.745 | INFO     | __main__:main:134 -   Waves files:   4 OK, 0 failed
2026-04-29 15:27:42.746 | INFO     | __main__:main:135 -   Saved to:      C:\Users\Apple\deep_sea_pulse\outputs\cmems\physics\R3
2026-04-29 15:27:42.746 | INFO     | __main__:main:136 - ============================================================
2026-04-29 15:35:25.953 | INFO     | __main__:main:97 - ============================================================
2026-04-29 15:35:25.954 | INFO     | __main__:main:98 - Phase 1 - CMEMS Download: Region R3 Mediterranean
2026-04-29 15:35:25.955 | INFO     | __main__:main:99 - Longitude: 0.0 to 15.0
2026-04-29 15:35:25.955 | INFO     | __main__:main:100 - Latitude:  36.0 to 43.0
2026-04-29 15:35:25.955 | INFO     | __main__:main:101 - Years:     [2022, 2023, 2024, 2025]
2026-04-29 15:35:25.956 | INFO     | __main__:main:102 - Depth:     0.5m to 2000m
2026-04-29 15:35:25.956 | INFO     | __main__:main:103 - ============================================================
2026-04-29 15:35:25.956 | INFO     | __main__:main:108 - 
Year 2022:
2026-04-29 15:35:28.390 | INFO     | __main__:download_physics:31 -   Downloading physics: R3_physics_2022.nc
2026-04-29 16:12:45.505 | SUCCESS  | __main__:download_physics:47 -   Done: R3_physics_2022.nc
2026-04-29 16:12:45.506 | INFO     | __main__:download_waves:61 -   SKIP (exists): R3_waves_2022.nc
2026-04-29 16:12:45.509 | INFO     | __main__:main:108 - 
Year 2023:
2026-04-29 16:12:45.509 | INFO     | __main__:download_physics:31 -   Downloading physics: R3_physics_2023.nc
2026-04-29 16:43:56.952 | SUCCESS  | __main__:download_physics:47 -   Done: R3_physics_2023.nc
2026-04-29 16:43:56.954 | INFO     | __main__:download_waves:61 -   SKIP (exists): R3_waves_2023.nc
2026-04-29 16:43:56.954 | INFO     | __main__:main:108 - 
Year 2024:
2026-04-29 16:43:56.955 | INFO     | __main__:download_physics:31 -   Downloading physics: R3_physics_2024.nc
2026-04-29 17:18:57.070 | SUCCESS  | __main__:download_physics:47 -   Done: R3_physics_2024.nc
2026-04-29 17:18:57.071 | INFO     | __main__:download_waves:61 -   SKIP (exists): R3_waves_2024.nc
2026-04-29 17:18:57.071 | INFO     | __main__:main:108 - 
Year 2025:
2026-04-29 17:18:57.072 | INFO     | __main__:download_physics:31 -   Downloading physics: R3_physics_2025.nc
2026-04-29 17:49:51.298 | SUCCESS  | __main__:download_physics:47 -   Done: R3_physics_2025.nc
2026-04-29 17:49:51.300 | INFO     | __main__:download_waves:61 -   SKIP (exists): R3_waves_2025.nc
2026-04-29 17:49:51.300 | INFO     | __main__:main:120 - 
============================================================
2026-04-29 17:49:51.301 | INFO     | __main__:main:121 - COMPLETE:
2026-04-29 17:49:51.302 | INFO     | __main__:main:122 -   Physics: 4 OK, 0 failed
2026-04-29 17:49:51.302 | INFO     | __main__:main:123 -   Waves:   4 OK, 0 failed
2026-04-29 17:49:51.303 | INFO     | __main__:main:124 - ============================================================
