2026-04-30 11:50:21.426 | INFO     | __main__:<module>:37 - Phase 2 classifier started
2026-04-30 11:50:21.475 | INFO     | __main__:generate_training_data:107 - Training data generated: 5000 samples, class balance: {'W2': 1250, 'W3': 1250, 'W1': 1250, 'W4': 1250}
2026-04-30 11:50:24.712 | INFO     | __main__:train_classifier:131 - 5-fold CV F1 (macro): 0.9922 ± 0.0012
2026-04-30 11:50:25.402 | INFO     | __main__:train_classifier:140 - 
              precision    recall  f1-score   support

          W1       1.00      1.00      1.00      1250
          W2       1.00      1.00      1.00      1250
          W3       1.00      1.00      1.00      1250
          W4       1.00      1.00      1.00      1250

    accuracy                           1.00      5000
   macro avg       1.00      1.00      1.00      5000
weighted avg       1.00      1.00      1.00      5000

2026-04-30 11:53:27.759 | INFO     | __main__:<module>:37 - Phase 2 classifier started
2026-04-30 11:53:27.777 | INFO     | __main__:generate_training_data:107 - Training data generated: 5000 samples, class balance: {'W2': 1250, 'W3': 1250, 'W1': 1250, 'W4': 1250}
2026-04-30 11:53:31.030 | INFO     | __main__:train_classifier:131 - 5-fold CV F1 (macro): 0.9922 ± 0.0012
2026-04-30 11:53:31.690 | INFO     | __main__:train_classifier:140 - 
              precision    recall  f1-score   support

          W1       1.00      1.00      1.00      1250
          W2       1.00      1.00      1.00      1250
          W3       1.00      1.00      1.00      1250
          W4       1.00      1.00      1.00      1250

    accuracy                           1.00      5000
   macro avg       1.00      1.00      1.00      5000
weighted avg       1.00      1.00      1.00      5000

2026-04-30 11:57:41.077 | INFO     | __main__:<module>:37 - Phase 2 classifier started
2026-04-30 11:57:41.095 | INFO     | __main__:generate_training_data:107 - Training data generated: 5000 samples, class balance: {'W2': 1250, 'W3': 1250, 'W1': 1250, 'W4': 1250}
2026-04-30 11:57:44.287 | INFO     | __main__:train_classifier:131 - 5-fold CV F1 (macro): 0.9922 ± 0.0012
2026-04-30 12:01:41.819 | INFO     | __main__:train_classifier:140 - 
              precision    recall  f1-score   support

          W1       1.00      1.00      1.00      1250
          W2       1.00      1.00      1.00      1250
          W3       1.00      1.00      1.00      1250
          W4       1.00      1.00      1.00      1250

    accuracy                           1.00      5000
   macro avg       1.00      1.00      1.00      5000
weighted avg       1.00      1.00      1.00      5000

